Archive member included because of file (symbol)

d:/programas/microchip/xc32/v2.10/bin/bin/../../lib/gcc/pic32mx/4.8.3\libgcc.a(_udivdi3.o)
                              build/default/production/lvgl/src/lv_misc/lv_printf.o (__udivdi3)
d:/programas/microchip/xc32/v2.10/bin/bin/../../lib/gcc/pic32mx/4.8.3\libgcc.a(_umoddi3.o)
                              build/default/production/lvgl/src/lv_misc/lv_printf.o (__umoddi3)
d:/programas/microchip/xc32/v2.10/bin/bin/../../lib/gcc/pic32mx/4.8.3\libgcc.a(floatunsisf.o)
                              build/default/production/lvgl/src/lv_misc/lv_printf.o (__floatunsisf)
d:/programas/microchip/xc32/v2.10/bin/bin/../../lib/gcc/pic32mx/4.8.3/../../../../pic32mx/lib\libpic32.a(memcpy.o)
                              build/default/production/lvgl/src/lv_core/lv_debug.o (memcpy)
d:/programas/microchip/xc32/v2.10/bin/bin/../../lib/gcc/pic32mx/4.8.3/../../../../pic32mx/lib\libpic32.a(memset.o)
                              build/default/production/lvgl/src/lv_core/lv_obj.o (memset)
d:/programas/microchip/xc32/v2.10/bin/bin/../../lib/gcc/pic32mx/4.8.3/../../../../pic32mx/lib\libpic32.a(strcmp.o)
                              build/default/production/lvgl/src/lv_core/lv_debug.o (strcmp)
d:/programas/microchip/xc32/v2.10/bin/bin/../../lib/gcc/pic32mx/4.8.3/../../../../pic32mx/lib\libpic32.a(strcpy.o)
                              build/default/production/lvgl/src/lv_draw/lv_img_decoder.o (strcpy)
d:/programas/microchip/xc32/v2.10/bin/bin/../../lib/gcc/pic32mx/4.8.3/../../../../pic32mx/lib\libpic32.a(strlen.o)
                              build/default/production/lvgl/src/lv_core/lv_debug.o (strlen)
d:/programas/microchip/xc32/v2.10/bin/bin/../../lib/gcc/pic32mx/4.8.3/../../../../pic32mx/lib\libpic32.a(default-bootstrap-exception-handler.o)
                              d:/programas/microchip/xc32/v2.10/bin/bin/../../lib/gcc/pic32mx/4.8.3/../../../../pic32mx/lib/./proc/32MX795F512H/crt0_mips32r2.o (_bootstrap_exception_handler)
d:/programas/microchip/xc32/v2.10/bin/bin/../../lib/gcc/pic32mx/4.8.3/../../../../pic32mx/lib\libpic32.a(default-on-reset.o)
                              d:/programas/microchip/xc32/v2.10/bin/bin/../../lib/gcc/pic32mx/4.8.3/../../../../pic32mx/lib/./proc/32MX795F512H/crt0_mips32r2.o (_on_reset)
d:/programas/microchip/xc32/v2.10/bin/bin/../../lib/gcc/pic32mx/4.8.3/../../../../pic32mx/lib\libpic32.a(default-on-bootstrap.o)
                              d:/programas/microchip/xc32/v2.10/bin/bin/../../lib/gcc/pic32mx/4.8.3/../../../../pic32mx/lib/./proc/32MX795F512H/crt0_mips32r2.o (_on_bootstrap)
d:/programas/microchip/xc32/v2.10/bin/bin/../../lib/gcc/pic32mx/4.8.3/../../../../pic32mx/lib\libpic32.a(default-nmi-handler.o)
                              d:/programas/microchip/xc32/v2.10/bin/bin/../../lib/gcc/pic32mx/4.8.3/../../../../pic32mx/lib/./proc/32MX795F512H/crt0_mips32r2.o (_nmi_handler)
d:/programas/microchip/xc32/v2.10/bin/bin/../../lib/gcc/pic32mx/4.8.3/../../../../pic32mx/lib\libpic32.a(pic32_data_init.o)
                              d:/programas/microchip/xc32/v2.10/bin/bin/../../lib/gcc/pic32mx/4.8.3/../../../../pic32mx/lib/./proc/32MX795F512H/crt0_mips32r2.o (__pic32_data_init)
d:/programas/microchip/xc32/v2.10/bin/bin/../../lib/gcc/pic32mx/4.8.3/../../../../pic32mx/lib\libpic32.a(general-exception.o)
                              d:/programas/microchip/xc32/v2.10/bin/bin/../../lib/gcc/pic32mx/4.8.3/../../../../pic32mx/lib/./proc/32MX795F512H/crt0_mips32r2.o (_general_exception_context)
d:/programas/microchip/xc32/v2.10/bin/bin/../../lib/gcc/pic32mx/4.8.3/../../../../pic32mx/lib\libpic32.a(vector0.o)
                              d:/programas/microchip/xc32/v2.10/bin/bin/../../lib/gcc/pic32mx/4.8.3/../../../../pic32mx/lib/./proc/32MX795F512H\default_isr_vectors.o (__vector_dispatch_0)
d:/programas/microchip/xc32/v2.10/bin/bin/../../lib/gcc/pic32mx/4.8.3/../../../../pic32mx/lib\libpic32.a(vector1.o)
                              d:/programas/microchip/xc32/v2.10/bin/bin/../../lib/gcc/pic32mx/4.8.3/../../../../pic32mx/lib/./proc/32MX795F512H\default_isr_vectors.o (__vector_dispatch_1)
d:/programas/microchip/xc32/v2.10/bin/bin/../../lib/gcc/pic32mx/4.8.3/../../../../pic32mx/lib\libpic32.a(vector2.o)
                              d:/programas/microchip/xc32/v2.10/bin/bin/../../lib/gcc/pic32mx/4.8.3/../../../../pic32mx/lib/./proc/32MX795F512H\default_isr_vectors.o (__vector_dispatch_2)
d:/programas/microchip/xc32/v2.10/bin/bin/../../lib/gcc/pic32mx/4.8.3/../../../../pic32mx/lib\libpic32.a(vector3.o)
                              d:/programas/microchip/xc32/v2.10/bin/bin/../../lib/gcc/pic32mx/4.8.3/../../../../pic32mx/lib/./proc/32MX795F512H\default_isr_vectors.o (__vector_dispatch_3)
d:/programas/microchip/xc32/v2.10/bin/bin/../../lib/gcc/pic32mx/4.8.3/../../../../pic32mx/lib\libpic32.a(vector5.o)
[...]
Memory Configuration

Name             Origin             Length             Attributes
kseg0_program_mem 0x9d000000         0x00080000         xr
kseg0_boot_mem   0x9fc00490         0x00000970
exception_mem    0x9fc01000         0x00001000
kseg1_boot_mem   0xbfc00000         0x00000490
debug_exec_mem   0xbfc02000         0x00000ff0
config3          0xbfc02ff0         0x00000004
config2          0xbfc02ff4         0x00000004
config1          0xbfc02ff8         0x00000004
config0          0xbfc02ffc         0x00000004
kseg1_data_mem   0xa0000000         0x00020000         w !x
sfrs             0xbf800000         0x00100000
configsfrs       0xbfc02ff0         0x00000010
*default*        0x00000000         0xffffffff

Linker script and memory map

LOAD d:/programas/microchip/xc32/v2.10/bin/bin/../../lib/gcc/pic32mx/4.8.3/../../../../pic32mx/lib/./proc/32MX795F512H/crt0_mips32r2.o
LOAD d:/programas/microchip/xc32/v2.10/bin/bin/../../lib/gcc/pic32mx/4.8.3/../../../../pic32mx/lib\debug-exception-return.o
LOAD build/default/production/lvgl/porting/lv_port_disp_template.o
LOAD build/default/production/lvgl/porting/lv_port_fs_template.o
LOAD build/default/production/lvgl/porting/lv_port_indev_template.o
LOAD build/default/production/lvgl/src/lv_core/lv_debug.o
LOAD build/default/production/lvgl/src/lv_core/lv_disp.o
LOAD build/default/production/lvgl/src/lv_core/lv_group.o
LOAD build/default/production/lvgl/src/lv_core/lv_indev.o
LOAD build/default/production/lvgl/src/lv_core/lv_obj.o
LOAD build/default/production/lvgl/src/lv_core/lv_refr.o
LOAD build/default/production/lvgl/src/lv_core/lv_style.o
LOAD build/default/production/lvgl/src/lv_draw/lv_draw.o
LOAD build/default/production/lvgl/src/lv_draw/lv_draw_arc.o
LOAD build/default/production/lvgl/src/lv_draw/lv_draw_basic.o
LOAD build/default/production/lvgl/src/lv_draw/lv_draw_img.o
LOAD build/default/production/lvgl/src/lv_draw/lv_draw_label.o
LOAD build/default/production/lvgl/src/lv_draw/lv_draw_line.o
LOAD build/default/production/lvgl/src/lv_draw/lv_draw_rect.o
LOAD build/default/production/lvgl/src/lv_draw/lv_draw_triangle.o
LOAD build/default/production/lvgl/src/lv_draw/lv_img_cache.o
LOAD build/default/production/lvgl/src/lv_draw/lv_img_decoder.o
LOAD build/default/production/lvgl/src/lv_font/lv_font.o
LOAD build/default/production/lvgl/src/lv_font/lv_font_fmt_txt.o
LOAD build/default/production/lvgl/src/lv_font/lv_font_roboto_12.o
LOAD build/default/production/lvgl/src/lv_font/lv_font_roboto_12_subpx.o
LOAD build/default/production/lvgl/src/lv_font/lv_font_roboto_16.o
LOAD build/default/production/lvgl/src/lv_font/lv_font_roboto_22.o
LOAD build/default/production/lvgl/src/lv_font/lv_font_roboto_28.o
LOAD build/default/production/lvgl/src/lv_font/lv_font_roboto_28_compressed.o
LOAD build/default/production/lvgl/src/lv_font/lv_font_unscii_8.o
LOAD build/default/production/lvgl/src/lv_hal/lv_hal_disp.o
LOAD build/default/production/lvgl/src/lv_hal/lv_hal_indev.o
LOAD build/default/production/lvgl/src/lv_hal/lv_hal_tick.o
LOAD build/default/production/lvgl/src/lv_misc/lv_anim.o
LOAD build/default/production/lvgl/src/lv_misc/lv_area.o
LOAD build/default/production/lvgl/src/lv_misc/lv_async.o
LOAD build/default/production/lvgl/src/lv_misc/lv_bidi.o
LOAD build/default/production/lvgl/src/lv_misc/lv_circ.o
LOAD build/default/production/lvgl/src/lv_misc/lv_color.o
LOAD build/default/production/lvgl/src/lv_misc/lv_fs.o
LOAD build/default/production/lvgl/src/lv_misc/lv_gc.o
LOAD build/default/production/lvgl/src/lv_misc/lv_ll.o
LOAD build/default/production/lvgl/src/lv_misc/lv_log.o
LOAD build/default/production/lvgl/src/lv_misc/lv_math.o
LOAD build/default/production/lvgl/src/lv_misc/lv_mem.o
LOAD build/default/production/lvgl/src/lv_misc/lv_printf.o
LOAD build/default/production/lvgl/src/lv_misc/lv_task.o
LOAD build/default/production/lvgl/src/lv_misc/lv_templ.o
LOAD build/default/production/lvgl/src/lv_misc/lv_txt.o
LOAD build/default/production/lvgl/src/lv_misc/lv_utils.o
LOAD build/default/production/lvgl/src/lv_objx/lv_arc.o
LOAD build/default/production/lvgl/src/lv_objx/lv_bar.o
LOAD build/default/production/lvgl/src/lv_objx/lv_btn.o
LOAD build/default/production/lvgl/src/lv_objx/lv_btnm.o
LOAD build/default/production/lvgl/src/lv_objx/lv_calendar.o
LOAD build/default/production/lvgl/src/lv_objx/lv_canvas.o
LOAD build/default/production/lvgl/src/lv_objx/lv_cb.o
LOAD build/default/production/lvgl/src/lv_objx/lv_chart.o
LOAD build/default/production/lvgl/src/lv_objx/lv_cont.o
LOAD build/default/production/lvgl/src/lv_objx/lv_cpicker.o
LOAD build/default/production/lvgl/src/lv_objx/lv_ddlist.o
LOAD build/default/production/lvgl/src/lv_objx/lv_gauge.o
LOAD build/default/production/lvgl/src/lv_objx/lv_img.o
LOAD build/default/production/lvgl/src/lv_objx/lv_imgbtn.o
LOAD build/default/production/lvgl/src/lv_objx/lv_kb.o
LOAD build/default/production/lvgl/src/lv_objx/lv_label.o
LOAD build/default/production/lvgl/src/lv_objx/lv_led.o
LOAD build/default/production/lvgl/src/lv_objx/lv_line.o
LOAD build/default/production/lvgl/src/lv_objx/lv_list.o
LOAD build/default/production/lvgl/src/lv_objx/lv_lmeter.o
LOAD build/default/production/lvgl/src/lv_objx/lv_mbox.o
LOAD build/default/production/lvgl/src/lv_objx/lv_objx_templ.o
LOAD build/default/production/lvgl/src/lv_objx/lv_page.o
LOAD build/default/production/lvgl/src/lv_objx/lv_preload.o
LOAD build/default/production/lvgl/src/lv_objx/lv_roller.o
LOAD build/default/production/lvgl/src/lv_objx/lv_slider.o
LOAD build/default/production/lvgl/src/lv_objx/lv_spinbox.o
LOAD build/default/production/lvgl/src/lv_objx/lv_sw.o
LOAD build/default/production/lvgl/src/lv_objx/lv_ta.o
LOAD build/default/production/lvgl/src/lv_objx/lv_table.o
LOAD build/default/production/lvgl/src/lv_objx/lv_tabview.o
LOAD build/default/production/lvgl/src/lv_objx/lv_tileview.o
LOAD build/default/production/lvgl/src/lv_objx/lv_win.o
LOAD build/default/production/lvgl/src/lv_themes/lv_theme.o
LOAD build/default/production/lvgl/src/lv_themes/lv_theme_alien.o
LOAD build/default/production/lvgl/src/lv_themes/lv_theme_default.o
LOAD build/default/production/lvgl/src/lv_themes/lv_theme_material.o
LOAD build/default/production/lvgl/src/lv_themes/lv_theme_mono.o
LOAD build/default/production/lvgl/src/lv_themes/lv_theme_nemo.o
LOAD build/default/production/lvgl/src/lv_themes/lv_theme_night.o
LOAD build/default/production/lvgl/src/lv_themes/lv_theme_templ.o
LOAD build/default/production/lvgl/src/lv_themes/lv_theme_zen.o
LOAD build/default/production/main.o
LOAD build/default/production/RA8875.o
LOAD build/default/production/delay.o
LOAD build/default/production/uart.o
                0x00000001                __MPLAB_BUILD = 0x1
LOAD d:/programas/microchip/xc32/v2.10/bin/bin/../../lib/gcc/pic32mx/4.8.3/../../../../pic32mx/lib/./proc/32MX795F512H\default_isr_vectors.o
LOAD d:/programas/microchip/xc32/v2.10/bin/bin/../../lib/gcc/pic32mx/4.8.3/../../../../pic32mx/lib\pic32_software_reset.o
                0x00000400                PROVIDE (_min_stack_size, 0x400)
LOAD d:/programas/microchip/xc32/v2.10/bin/bin/../../lib/gcc/pic32mx/4.8.3/../../../../pic32mx/lib/./proc/32MX795F512H\processor.o
START GROUP
LOAD d:/programas/microchip/xc32/v2.10/bin/bin/../../lib/gcc/pic32mx/4.8.3/../../../../pic32mx/lib\libmchp_peripheral.a
END GROUP
START GROUP
LOAD d:/programas/microchip/xc32/v2.10/bin/bin/../../lib/gcc/pic32mx/4.8.3/../../../../pic32mx/lib\libmchp_peripheral_32MX795F512H.a
END GROUP
                0x00000001                PROVIDE (_vector_spacing, 0x1)
                0x9fc01000                PROVIDE (_ebase_address, 0x9fc01000)
                0xbfc00000                _RESET_ADDR = 0xbfc00000
                0xbfc00380                _BEV_EXCPT_ADDR = 0xbfc00380
                0xbfc00480                _DBG_EXCPT_ADDR = 0xbfc00480
                0xbfc02000                _DBG_CODE_ADDR = 0xbfc02000
                0x00000ff0                _DBG_CODE_SIZE = 0xff0
                0x9fc01180                _GEN_EXCPT_ADDR = (_ebase_address + 0x180)

.config_BFC02FF0
                0xbfc02ff0        0x4
 *(.config_BFC02FF0)
 .config_BFC02FF0
                0xbfc02ff0        0x4 build/default/production/main.o

.config_BFC02FF4
                0xbfc02ff4        0x4
 *(.config_BFC02FF4)
 .config_BFC02FF4
                0xbfc02ff4        0x4 build/default/production/main.o

.config_BFC02FF8
                0xbfc02ff8        0x4
 *(.config_BFC02FF8)
 .config_BFC02FF8
                0xbfc02ff8        0x4 build/default/production/main.o

.config_BFC02FFC
                0xbfc02ffc        0x4
 *(.config_BFC02FFC)
 .config_BFC02FFC
                0xbfc02ffc        0x4 build/default/production/main.o
                0xbfc02000                PROVIDE (_DBG_CODE_ADDR, 0xbfc02000)
                0x00000ff0                PROVIDE (_DBG_CODE_SIZE, 0xff0)

.reset          0xbfc00000      0x1a8
 *(.reset)
 .reset         0xbfc00000        0x8 d:/programas/microchip/xc32/v2.10/bin/bin/../../lib/gcc/pic32mx/4.8.3/../../../../pic32mx/lib/./proc/32MX795F512H/crt0_mips32r2.o
                0xbfc00000                _reset
 *(.reset.startup)
 .reset.startup
                0xbfc00008      0x1a0 d:/programas/microchip/xc32/v2.10/bin/bin/../../lib/gcc/pic32mx/4.8.3/../../../../pic32mx/lib/./proc/32MX795F512H/crt0_mips32r2.o
                0xbfc00008                _startup

.bev_excpt      0xbfc00380       0x10
 *(.bev_handler)
 .bev_handler   0xbfc00380       0x10 d:/programas/microchip/xc32/v2.10/bin/bin/../../lib/gcc/pic32mx/4.8.3/../../../../pic32mx/lib/./proc/32MX795F512H/crt0_mips32r2.o

.dbg_excpt      0xbfc00480        0x0
                0xbfc00480                . = (. + DEFINED (_DEBUGGER)?0x8:0x0)

.dbg_code       0xbfc02000        0x0
                0xbfc02000                . = (. + DEFINED (_DEBUGGER)?_DBG_CODE_SIZE:0x0)

.app_excpt      0x9fc01180       0x10
 *(.gen_handler)
 .gen_handler   0x9fc01180       0x10 d:/programas/microchip/xc32/v2.10/bin/bin/../../lib/gcc/pic32mx/4.8.3/../../../../pic32mx/lib/./proc/32MX795F512H/crt0_mips32r2.o

.vector_0       0x9fc01200        0x8
 *(.vector_0)
 .vector_0      0x9fc01200        0x8 d:/programas/microchip/xc32/v2.10/bin/bin/../../lib/gcc/pic32mx/4.8.3/../../../../pic32mx/lib\libpic32.a(vector0.o)
                0x9fc01200                __vector_dispatch_0
                0x00000001                ASSERT (((_vector_spacing == 0x0) || (SIZEOF (.vector_0) <= (_vector_spacing << 0x5))), function at exception vector 0 too large)

.vector_1       0x9fc01220        0x8
 *(.vector_1)
 .vector_1      0x9fc01220        0x8 d:/programas/microchip/xc32/v2.10/bin/bin/../../lib/gcc/pic32mx/4.8.3/../../../../pic32mx/lib\libpic32.a(vector1.o)
                0x9fc01220                __vector_dispatch_1
                0x00000001                ASSERT (((_vector_spacing == 0x0) || (SIZEOF (.vector_1) <= (_vector_spacing << 0x5))), function at exception vector 1 too large)

.vector_2       0x9fc01240        0x8
 *(.vector_2)
 .vector_2      0x9fc01240        0x8 d:/programas/microchip/xc32/v2.10/bin/bin/../../lib/gcc/pic32mx/4.8.3/../../../../pic32mx/lib\libpic32.a(vector2.o)
                0x9fc01240                __vector_dispatch_2
                0x00000001                ASSERT (((_vector_spacing == 0x0) || (SIZEOF (.vector_2) <= (_vector_spacing << 0x5))), function at exception vector 2 too large)

.vector_3       0x9fc01260        0x8
 *(.vector_3)
 .vector_3      0x9fc01260        0x8 d:/programas/microchip/xc32/v2.10/bin/bin/../../lib/gcc/pic32mx/4.8.3/../../../../pic32mx/lib\libpic32.a(vector3.o)
                0x9fc01260                __vector_dispatch_3
                0x00000001                ASSERT (((_vector_spacing == 0x0) || (SIZEOF (.vector_3) <= (_vector_spacing << 0x5))), function at exception vector 3 too large)

.vector_4       0x9fc01280        0x8
 *(.vector_4)
 .vector_4      0x9fc01280        0x8 build/default/production/main.o
                0x9fc01280                __vector_dispatch_4
                0x00000001                ASSERT (((_vector_spacing == 0x0) || (SIZEOF (.vector_4) <= (_vector_spacing << 0x5))), function at exception vector 4 too large)

.vector_5       0x9fc012a0        0x8
 *(.vector_5)
 .vector_5      0x9fc012a0        0x8 d:/programas/microchip/xc32/v2.10/bin/bin/../../lib/gcc/pic32mx/4.8.3/../../../../pic32mx/lib\libpic32.a(vector5.o)
                0x9fc012a0                __vector_dispatch_5
                0x00000001                ASSERT (((_vector_spacing == 0x0) || (SIZEOF (.vector_5) <= (_vector_spacing << 0x5))), function at exception vector 5 too large)

.vector_6       0x9fc012c0        0x8
 *(.vector_6)
 .vector_6      0x9fc012c0        0x8 d:/programas/microchip/xc32/v2.10/bin/bin/../../lib/gcc/pic32mx/4.8.3/../../../../pic32mx/lib\libpic32.a(vector6.o)
                0x9fc012c0                __vector_dispatch_6
                0x00000001                ASSERT (((_vector_spacing == 0x0) || (SIZEOF (.vector_6) <= (_vector_spacing << 0x5))), function at exception vector 6 too large)

.vector_7       0x9fc012e0        0x8
 *(.vector_7)
 .vector_7      0x9fc012e0        0x8 d:/programas/microchip/xc32/v2.10/bin/bin/../../lib/gcc/pic32mx/4.8.3/../../../../pic32mx/lib\libpic32.a(vector7.o)
                0x9fc012e0                __vector_dispatch_7
                0x00000001                ASSERT (((_vector_spacing == 0x0) || (SIZEOF (.vector_7) <= (_vector_spacing << 0x5))), function at exception vector 7 too large)

.vector_8       0x9fc01300        0x8
 *(.vector_8)
 .vector_8      0x9fc01300        0x8 d:/programas/microchip/xc32/v2.10/bin/bin/../../lib/gcc/pic32mx/4.8.3/../../../../pic32mx/lib\libpic32.a(vector8.o)
                0x9fc01300                __vector_dispatch_8
                0x00000001                ASSERT (((_vector_spacing == 0x0) || (SIZEOF (.vector_8) <= (_vector_spacing << 0x5))), function at exception vector 8 too large)

.vector_9       0x9fc01320        0x8
 *(.vector_9)
 .vector_9      0x9fc01320        0x8 d:/programas/microchip/xc32/v2.10/bin/bin/../../lib/gcc/pic32mx/4.8.3/../../../../pic32mx/lib\libpic32.a(vector9.o)
                0x9fc01320                __vector_dispatch_9
                0x00000001                ASSERT (((_vector_spacing == 0x0) || (SIZEOF (.vector_9) <= (_vector_spacing << 0x5))), function at exception vector 9 too large)

.vector_10      0x9fc01340        0x8
 *(.vector_10)
 .vector_10     0x9fc01340        0x8 d:/programas/microchip/xc32/v2.10/bin/bin/../../lib/gcc/pic32mx/4.8.3/../../../../pic32mx/lib\libpic32.a(vector10.o)
                0x9fc01340                __vector_dispatch_10
                0x00000001                ASSERT (((_vector_spacing == 0x0) || (SIZEOF (.vector_10) <= (_vector_spacing << 0x5))), function at exception vector 10 too large)

.vector_11      0x9fc01360        0x8
 *(.vector_11)
 .vector_11     0x9fc01360        0x8 d:/programas/microchip/xc32/v2.10/bin/bin/../../lib/gcc/pic32mx/4.8.3/../../../../pic32mx/lib\libpic32.a(vector11.o)
                0x9fc01360                __vector_dispatch_11
                0x00000001                ASSERT (((_vector_spacing == 0x0) || (SIZEOF (.vector_11) <= (_vector_spacing << 0x5))), function at exception vector 11 too large)

.vector_12      0x9fc01380        0x8
 *(.vector_12)
 .vector_12     0x9fc01380        0x8 d:/programas/microchip/xc32/v2.10/bin/bin/../../lib/gcc/pic32mx/4.8.3/../../../../pic32mx/lib\libpic32.a(vector12.o)
                0x9fc01380                __vector_dispatch_12
                0x00000001                ASSERT (((_vector_spacing == 0x0) || (SIZEOF (.vector_12) <= (_vector_spacing << 0x5))), function at exception vector 12 too large)

.vector_13      0x9fc013a0        0x8
 *(.vector_13)
 .vector_13     0x9fc013a0        0x8 d:/programas/microchip/xc32/v2.10/bin/bin/../../lib/gcc/pic32mx/4.8.3/../../../../pic32mx/lib\libpic32.a(vector13.o)
                0x9fc013a0                __vector_dispatch_13
                0x00000001                ASSERT (((_vector_spacing == 0x0) || (SIZEOF (.vector_13) <= (_vector_spacing << 0x5))), function at exception vector 13 too large)

.vector_14      0x9fc013c0        0x8
 *(.vector_14)
 .vector_14     0x9fc013c0        0x8 d:/programas/microchip/xc32/v2.10/bin/bin/../../lib/gcc/pic32mx/4.8.3/../../../../pic32mx/lib\libpic32.a(vector14.o)
                0x9fc013c0                __vector_dispatch_14
                0x00000001                ASSERT (((_vector_spacing == 0x0) || (SIZEOF (.vector_14) <= (_vector_spacing << 0x5))), function at exception vector 14 too large)

.vector_15      0x9fc013e0        0x8
 *(.vector_15)
 .vector_15     0x9fc013e0        0x8 d:/programas/microchip/xc32/v2.10/bin/bin/../../lib/gcc/pic32mx/4.8.3/../../../../pic32mx/lib\libpic32.a(vector15.o)
                0x9fc013e0                __vector_dispatch_15
                0x00000001                ASSERT (((_vector_spacing == 0x0) || (SIZEOF (.vector_15) <= (_vector_spacing << 0x5))), function at exception vector 15 too large)

.vector_16      0x9fc01400        0x8
 *(.vector_16)
 .vector_16     0x9fc01400        0x8 d:/programas/microchip/xc32/v2.10/bin/bin/../../lib/gcc/pic32mx/4.8.3/../../../../pic32mx/lib\libpic32.a(vector16.o)
                0x9fc01400                __vector_dispatch_16
                0x00000001                ASSERT (((_vector_spacing == 0x0) || (SIZEOF (.vector_16) <= (_vector_spacing << 0x5))), function at exception vector 16 too large)

.vector_17      0x9fc01420        0x8
 *(.vector_17)
 .vector_17     0x9fc01420        0x8 d:/programas/microchip/xc32/v2.10/bin/bin/../../lib/gcc/pic32mx/4.8.3/../../../../pic32mx/lib\libpic32.a(vector17.o)
                0x9fc01420                __vector_dispatch_17
                0x00000001                ASSERT (((_vector_spacing == 0x0) || (SIZEOF (.vector_17) <= (_vector_spacing << 0x5))), function at exception vector 17 too large)

.vector_18      0x9fc01440        0x8
 *(.vector_18)
 .vector_18     0x9fc01440        0x8 d:/programas/microchip/xc32/v2.10/bin/bin/../../lib/gcc/pic32mx/4.8.3/../../../../pic32mx/lib\libpic32.a(vector18.o)
                0x9fc01440                __vector_dispatch_18
                0x00000001                ASSERT (((_vector_spacing == 0x0) || (SIZEOF (.vector_18) <= (_vector_spacing << 0x5))), function at exception vector 18 too large)

.vector_19      0x9fc01460        0x8
 *(.vector_19)
 .vector_19     0x9fc01460        0x8 d:/programas/microchip/xc32/v2.10/bin/bin/../../lib/gcc/pic32mx/4.8.3/../../../../pic32mx/lib\libpic32.a(vector19.o)
                0x9fc01460                __vector_dispatch_19
                0x00000001                ASSERT (((_vector_spacing == 0x0) || (SIZEOF (.vector_19) <= (_vector_spacing << 0x5))), function at exception vector 19 too large)

.vector_20      0x9fc01480        0x8
 *(.vector_20)
 .vector_20     0x9fc01480        0x8 d:/programas/microchip/xc32/v2.10/bin/bin/../../lib/gcc/pic32mx/4.8.3/../../../../pic32mx/lib\libpic32.a(vector20.o)
                0x9fc01480                __vector_dispatch_20
                0x00000001                ASSERT (((_vector_spacing == 0x0) || (SIZEOF (.vector_20) <= (_vector_spacing << 0x5))), function at exception vector 20 too large)

.vector_21      0x9fc014a0        0x8
 *(.vector_21)
 .vector_21     0x9fc014a0        0x8 d:/programas/microchip/xc32/v2.10/bin/bin/../../lib/gcc/pic32mx/4.8.3/../../../../pic32mx/lib\libpic32.a(vector21.o)
                0x9fc014a0                __vector_dispatch_21
                0x00000001                ASSERT (((_vector_spacing == 0x0) || (SIZEOF (.vector_21) <= (_vector_spacing << 0x5))), function at exception vector 21 too large)

.vector_22      0x9fc014c0        0x8
 *(.vector_22)
 .vector_22     0x9fc014c0        0x8 d:/programas/microchip/xc32/v2.10/bin/bin/../../lib/gcc/pic32mx/4.8.3/../../../../pic32mx/lib\libpic32.a(vector22.o)
                0x9fc014c0                __vector_dispatch_22
                0x00000001                ASSERT (((_vector_spacing == 0x0) || (SIZEOF (.vector_22) <= (_vector_spacing << 0x5))), function at exception vector 22 too large)

.vector_23      0x9fc014e0        0x8
 *(.vector_23)
 .vector_23     0x9fc014e0        0x8 d:/programas/microchip/xc32/v2.10/bin/bin/../../lib/gcc/pic32mx/4.8.3/../../../../pic32mx/lib\libpic32.a(vector23.o)
                0x9fc014e0                __vector_dispatch_23
                0x00000001                ASSERT (((_vector_spacing == 0x0) || (SIZEOF (.vector_23) <= (_vector_spacing << 0x5))), function at exception vector 23 too large)

.vector_24      0x9fc01500        0x8
 *(.vector_24)
 .vector_24     0x9fc01500        0x8 d:/programas/microchip/xc32/v2.10/bin/bin/../../lib/gcc/pic32mx/4.8.3/../../../../pic32mx/lib\libpic32.a(vector24.o)
                0x9fc01500                __vector_dispatch_24
                0x00000001                ASSERT (((_vector_spacing == 0x0) || (SIZEOF (.vector_24) <= (_vector_spacing << 0x5))), function at exception vector 24 too large)

.vector_25      0x9fc01520        0x8
 *(.vector_25)
 .vector_25     0x9fc01520        0x8 d:/programas/microchip/xc32/v2.10/bin/bin/../../lib/gcc/pic32mx/4.8.3/../../../../pic32mx/lib\libpic32.a(vector25.o)
                0x9fc01520                __vector_dispatch_25
                0x00000001                ASSERT (((_vector_spacing == 0x0) || (SIZEOF (.vector_25) <= (_vector_spacing << 0x5))), function at exception vector 25 too large)

.vector_26      0x9fc01540        0x8
 *(.vector_26)
 .vector_26     0x9fc01540        0x8 d:/programas/microchip/xc32/v2.10/bin/bin/../../lib/gcc/pic32mx/4.8.3/../../../../pic32mx/lib\libpic32.a(vector26.o)
                0x9fc01540                __vector_dispatch_26
                0x00000001                ASSERT (((_vector_spacing == 0x0) || (SIZEOF (.vector_26) <= (_vector_spacing << 0x5))), function at exception vector 26 too large)

.vector_27      0x9fc01560        0x8
 *(.vector_27)
 .vector_27     0x9fc01560        0x8 d:/programas/microchip/xc32/v2.10/bin/bin/../../lib/gcc/pic32mx/4.8.3/../../../../pic32mx/lib\libpic32.a(vector27.o)
                0x9fc01560                __vector_dispatch_27
                0x00000001                ASSERT (((_vector_spacing == 0x0) || (SIZEOF (.vector_27) <= (_vector_spacing << 0x5))), function at exception vector 27 too large)

.vector_28      0x9fc01580        0x8
 *(.vector_28)
 .vector_28     0x9fc01580        0x8 d:/programas/microchip/xc32/v2.10/bin/bin/../../lib/gcc/pic32mx/4.8.3/../../../../pic32mx/lib\libpic32.a(vector28.o)
                0x9fc01580                __vector_dispatch_28
                0x00000001                ASSERT (((_vector_spacing == 0x0) || (SIZEOF (.vector_28) <= (_vector_spacing << 0x5))), function at exception vector 28 too large)

.vector_29      0x9fc015a0        0x8
 *(.vector_29)
 .vector_29     0x9fc015a0        0x8 d:/programas/microchip/xc32/v2.10/bin/bin/../../lib/gcc/pic32mx/4.8.3/../../../../pic32mx/lib\libpic32.a(vector29.o)
                0x9fc015a0                __vector_dispatch_29
                0x00000001                ASSERT (((_vector_spacing == 0x0) || (SIZEOF (.vector_29) <= (_vector_spacing << 0x5))), function at exception vector 29 too large)

.vector_30      0x9fc015c0        0x8
 *(.vector_30)
 .vector_30     0x9fc015c0        0x8 d:/programas/microchip/xc32/v2.10/bin/bin/../../lib/gcc/pic32mx/4.8.3/../../../../pic32mx/lib\libpic32.a(vector30.o)
                0x9fc015c0                __vector_dispatch_30
                0x00000001                ASSERT (((_vector_spacing == 0x0) || (SIZEOF (.vector_30) <= (_vector_spacing << 0x5))), function at exception vector 30 too large)

.vector_31      0x9fc015e0        0x8
 *(.vector_31)
 .vector_31     0x9fc015e0        0x8 d:/programas/microchip/xc32/v2.10/bin/bin/../../lib/gcc/pic32mx/4.8.3/../../../../pic32mx/lib\libpic32.a(vector31.o)
                0x9fc015e0                __vector_dispatch_31
                0x00000001                ASSERT (((_vector_spacing == 0x0) || (SIZEOF (.vector_31) <= (_vector_spacing << 0x5))), function at exception vector 31 too large)

.vector_32      0x9fc01600        0x8
 *(.vector_32)
 .vector_32     0x9fc01600        0x8 d:/programas/microchip/xc32/v2.10/bin/bin/../../lib/gcc/pic32mx/4.8.3/../../../../pic32mx/lib\libpic32.a(vector32.o)
                0x9fc01600                __vector_dispatch_32
                0x00000001                ASSERT (((_vector_spacing == 0x0) || (SIZEOF (.vector_32) <= (_vector_spacing << 0x5))), function at exception vector 32 too large)

.vector_33      0x9fc01620        0x8
 *(.vector_33)
 .vector_33     0x9fc01620        0x8 d:/programas/microchip/xc32/v2.10/bin/bin/../../lib/gcc/pic32mx/4.8.3/../../../../pic32mx/lib\libpic32.a(vector33.o)
                0x9fc01620                __vector_dispatch_33
                0x00000001                ASSERT (((_vector_spacing == 0x0) || (SIZEOF (.vector_33) <= (_vector_spacing << 0x5))), function at exception vector 33 too large)

.vector_34      0x9fc01640        0x8
 *(.vector_34)
 .vector_34     0x9fc01640        0x8 d:/programas/microchip/xc32/v2.10/bin/bin/../../lib/gcc/pic32mx/4.8.3/../../../../pic32mx/lib\libpic32.a(vector34.o)
                0x9fc01640                __vector_dispatch_34
                0x00000001                ASSERT (((_vector_spacing == 0x0) || (SIZEOF (.vector_34) <= (_vector_spacing << 0x5))), function at exception vector 34 too large)

.vector_35      0x9fc01660        0x8
 *(.vector_35)
 .vector_35     0x9fc01660        0x8 d:/programas/microchip/xc32/v2.10/bin/bin/../../lib/gcc/pic32mx/4.8.3/../../../../pic32mx/lib\libpic32.a(vector35.o)
                0x9fc01660                __vector_dispatch_35
                0x00000001                ASSERT (((_vector_spacing == 0x0) || (SIZEOF (.vector_35) <= (_vector_spacing << 0x5))), function at exception vector 35 too large)

.vector_36      0x9fc01680        0x8
 *(.vector_36)
 .vector_36     0x9fc01680        0x8 d:/programas/microchip/xc32/v2.10/bin/bin/../../lib/gcc/pic32mx/4.8.3/../../../../pic32mx/lib\libpic32.a(vector36.o)
                0x9fc01680                __vector_dispatch_36
                0x00000001                ASSERT (((_vector_spacing == 0x0) || (SIZEOF (.vector_36) <= (_vector_spacing << 0x5))), function at exception vector 36 too large)

.vector_37      0x9fc016a0        0x8
 *(.vector_37)
 .vector_37     0x9fc016a0        0x8 d:/programas/microchip/xc32/v2.10/bin/bin/../../lib/gcc/pic32mx/4.8.3/../../../../pic32mx/lib\libpic32.a(vector37.o)
                0x9fc016a0                __vector_dispatch_37
                0x00000001                ASSERT (((_vector_spacing == 0x0) || (SIZEOF (.vector_37) <= (_vector_spacing << 0x5))), function at exception vector 37 too large)

.vector_38      0x9fc016c0        0x8
 *(.vector_38)
 .vector_38     0x9fc016c0        0x8 d:/programas/microchip/xc32/v2.10/bin/bin/../../lib/gcc/pic32mx/4.8.3/../../../../pic32mx/lib\libpic32.a(vector38.o)
                0x9fc016c0                __vector_dispatch_38
                0x00000001                ASSERT (((_vector_spacing == 0x0) || (SIZEOF (.vector_38) <= (_vector_spacing << 0x5))), function at exception vector 38 too large)

.vector_39      0x9fc016e0        0x8
 *(.vector_39)
 .vector_39     0x9fc016e0        0x8 d:/programas/microchip/xc32/v2.10/bin/bin/../../lib/gcc/pic32mx/4.8.3/../../../../pic32mx/lib\libpic32.a(vector39.o)
                0x9fc016e0                __vector_dispatch_39
                0x00000001                ASSERT (((_vector_spacing == 0x0) || (SIZEOF (.vector_39) <= (_vector_spacing << 0x5))), function at exception vector 39 too large)

.vector_40      0x9fc01700        0x8
 *(.vector_40)
 .vector_40     0x9fc01700        0x8 d:/programas/microchip/xc32/v2.10/bin/bin/../../lib/gcc/pic32mx/4.8.3/../../../../pic32mx/lib\libpic32.a(vector40.o)
                0x9fc01700                __vector_dispatch_40
                0x00000001                ASSERT (((_vector_spacing == 0x0) || (SIZEOF (.vector_40) <= (_vector_spacing << 0x5))), function at exception vector 40 too large)

.vector_41      0x9fc01720        0x8
 *(.vector_41)
 .vector_41     0x9fc01720        0x8 d:/programas/microchip/xc32/v2.10/bin/bin/../../lib/gcc/pic32mx/4.8.3/../../../../pic32mx/lib\libpic32.a(vector41.o)
                0x9fc01720                __vector_dispatch_41
                0x00000001                ASSERT (((_vector_spacing == 0x0) || (SIZEOF (.vector_41) <= (_vector_spacing << 0x5))), function at exception vector 41 too large)

.vector_42      0x9fc01740        0x8
 *(.vector_42)
 .vector_42     0x9fc01740        0x8 d:/programas/microchip/xc32/v2.10/bin/bin/../../lib/gcc/pic32mx/4.8.3/../../../../pic32mx/lib\libpic32.a(vector42.o)
                0x9fc01740                __vector_dispatch_42
                0x00000001                ASSERT (((_vector_spacing == 0x0) || (SIZEOF (.vector_42) <= (_vector_spacing << 0x5))), function at exception vector 42 too large)

.vector_43      0x9fc01760        0x8
 *(.vector_43)
 .vector_43     0x9fc01760        0x8 d:/programas/microchip/xc32/v2.10/bin/bin/../../lib/gcc/pic32mx/4.8.3/../../../../pic32mx/lib\libpic32.a(vector43.o)
                0x9fc01760                __vector_dispatch_43
                0x00000001                ASSERT (((_vector_spacing == 0x0) || (SIZEOF (.vector_43) <= (_vector_spacing << 0x5))), function at exception vector 43 too large)

.vector_44      0x9fc01780        0x8
 *(.vector_44)
 .vector_44     0x9fc01780        0x8 d:/programas/microchip/xc32/v2.10/bin/bin/../../lib/gcc/pic32mx/4.8.3/../../../../pic32mx/lib\libpic32.a(vector44.o)
                0x9fc01780                __vector_dispatch_44
                0x00000001                ASSERT (((_vector_spacing == 0x0) || (SIZEOF (.vector_44) <= (_vector_spacing << 0x5))), function at exception vector 44 too large)

.vector_45      0x9fc017a0        0x8
 *(.vector_45)
 .vector_45     0x9fc017a0        0x8 d:/programas/microchip/xc32/v2.10/bin/bin/../../lib/gcc/pic32mx/4.8.3/../../../../pic32mx/lib\libpic32.a(vector45.o)
                0x9fc017a0                __vector_dispatch_45
                0x00000001                ASSERT (((_vector_spacing == 0x0) || (SIZEOF (.vector_45) <= (_vector_spacing << 0x5))), function at exception vector 45 too large)

.vector_46      0x9fc017c0        0x8
 *(.vector_46)
 .vector_46     0x9fc017c0        0x8 d:/programas/microchip/xc32/v2.10/bin/bin/../../lib/gcc/pic32mx/4.8.3/../../../../pic32mx/lib\libpic32.a(vector46.o)
                0x9fc017c0                __vector_dispatch_46
                0x00000001                ASSERT (((_vector_spacing == 0x0) || (SIZEOF (.vector_46) <= (_vector_spacing << 0x5))), function at exception vector 46 too large)

.vector_47      0x9fc017e0        0x8
 *(.vector_47)
 .vector_47     0x9fc017e0        0x8 d:/programas/microchip/xc32/v2.10/bin/bin/../../lib/gcc/pic32mx/4.8.3/../../../../pic32mx/lib\libpic32.a(vector47.o)
                0x9fc017e0                __vector_dispatch_47
                0x00000001                ASSERT (((_vector_spacing == 0x0) || (SIZEOF (.vector_47) <= (_vector_spacing << 0x5))), function at exception vector 47 too large)

.vector_48      0x9fc01800        0x8
 *(.vector_48)
 .vector_48     0x9fc01800        0x8 d:/programas/microchip/xc32/v2.10/bin/bin/../../lib/gcc/pic32mx/4.8.3/../../../../pic32mx/lib\libpic32.a(vector48.o)
                0x9fc01800                __vector_dispatch_48
                0x00000001                ASSERT (((_vector_spacing == 0x0) || (SIZEOF (.vector_48) <= (_vector_spacing << 0x5))), function at exception vector 48 too large)

.vector_49      0x9fc01820        0x8
 *(.vector_49)
 .vector_49     0x9fc01820        0x8 d:/programas/microchip/xc32/v2.10/bin/bin/../../lib/gcc/pic32mx/4.8.3/../../../../pic32mx/lib\libpic32.a(vector49.o)
                0x9fc01820                __vector_dispatch_49
                0x00000001                ASSERT (((_vector_spacing == 0x0) || (SIZEOF (.vector_49) <= (_vector_spacing << 0x5))), function at exception vector 49 too large)

.vector_50      0x9fc01840        0x8
 *(.vector_50)
 .vector_50     0x9fc01840        0x8 d:/programas/microchip/xc32/v2.10/bin/bin/../../lib/gcc/pic32mx/4.8.3/../../../../pic32mx/lib\libpic32.a(vector50.o)
                0x9fc01840                __vector_dispatch_50
                0x00000001                ASSERT (((_vector_spacing == 0x0) || (SIZEOF (.vector_50) <= (_vector_spacing << 0x5))), function at exception vector 50 too large)

.vector_51      0x9fc01860        0x8
 *(.vector_51)
 .vector_51     0x9fc01860        0x8 d:/programas/microchip/xc32/v2.10/bin/bin/../../lib/gcc/pic32mx/4.8.3/../../../../pic32mx/lib\libpic32.a(vector51.o)
                0x9fc01860                __vector_dispatch_51
                0x00000001                ASSERT (((_vector_spacing == 0x0) || (SIZEOF (.vector_51) <= (_vector_spacing << 0x5))), function at exception vector 51 too large)

.vector_52      0x9fc01880        0x0
 *(.vector_52)
                0x00000001                ASSERT (((_vector_spacing == 0x0) || (SIZEOF (.vector_52) <= (_vector_spacing << 0x5))), function at exception vector 52 too large)

.vector_53      0x9fc018a0        0x0
 *(.vector_53)
                0x00000001                ASSERT (((_vector_spacing == 0x0) || (SIZEOF (.vector_53) <= (_vector_spacing << 0x5))), function at exception vector 53 too large)

.vector_54      0x9fc018c0        0x0
 *(.vector_54)
                0x00000001                ASSERT (((_vector_spacing == 0x0) || (SIZEOF (.vector_54) <= (_vector_spacing << 0x5))), function at exception vector 54 too large)

.vector_55      0x9fc018e0        0x0
 *(.vector_55)
                0x00000001                ASSERT (((_vector_spacing == 0x0) || (SIZEOF (.vector_55) <= (_vector_spacing << 0x5))), function at exception vector 55 too large)

.vector_56      0x9fc01900        0x0
 *(.vector_56)
                0x00000001                ASSERT (((_vector_spacing == 0x0) || (SIZEOF (.vector_56) <= (_vector_spacing << 0x5))), function at exception vector 56 too large)

.vector_57      0x9fc01920        0x0
 *(.vector_57)
                0x00000001                ASSERT (((_vector_spacing == 0x0) || (SIZEOF (.vector_57) <= (_vector_spacing << 0x5))), function at exception vector 57 too large)

.vector_58      0x9fc01940        0x0
 *(.vector_58)
                0x00000001                ASSERT (((_vector_spacing == 0x0) || (SIZEOF (.vector_58) <= (_vector_spacing << 0x5))), function at exception vector 58 too large)

.vector_59      0x9fc01960        0x0
 *(.vector_59)
                0x00000001                ASSERT (((_vector_spacing == 0x0) || (SIZEOF (.vector_59) <= (_vector_spacing << 0x5))), function at exception vector 59 too large)

.vector_60      0x9fc01980        0x0
 *(.vector_60)
                0x00000001                ASSERT (((_vector_spacing == 0x0) || (SIZEOF (.vector_60) <= (_vector_spacing << 0x5))), function at exception vector 60 too large)

.vector_61      0x9fc019a0        0x0
 *(.vector_61)
                0x00000001                ASSERT (((_vector_spacing == 0x0) || (SIZEOF (.vector_61) <= (_vector_spacing << 0x5))), function at exception vector 61 too large)

.vector_62      0x9fc019c0        0x0
 *(.vector_62)
                0x00000001                ASSERT (((_vector_spacing == 0x0) || (SIZEOF (.vector_62) <= (_vector_spacing << 0x5))), function at exception vector 62 too large)

.vector_63      0x9fc019e0        0x0
 *(.vector_63)
                0x00000001                ASSERT (((_vector_spacing == 0x0) || (SIZEOF (.vector_63) <= (_vector_spacing << 0x5))), function at exception vector 63 too large)

.startup
 *(.startup)

.text           0x9d000000        0x0
 *(.stub .gnu.linkonce.t.*)
 *(.text.*personality*)
 *(.mips16.fn.*)
 *(.mips16.call.*)
 *(.gnu.warning)
                0x9d000000                . = ALIGN (0x4)

.init           0x9d000000        0x0
 *crti.o(.init)
 *crtbegin.o(.init)
 *(EXCLUDE_FILE(*crtn.o *crtend?.o *crtend.o) .init)
 *crtend.o(.init)
 *crtn.o(.init)
                0x9d000000                . = ALIGN (0x4)

.fini           0x9d000000        0x0
 *(.fini)
                0x9d000000                . = ALIGN (0x4)

.preinit_array  0x9d000000        0x0
                0x9d000000                PROVIDE (__preinit_array_start, .)
 *(.preinit_array)
                0x9d000000                PROVIDE (__preinit_array_end, .)
                0x9d000000                . = ALIGN (0x4)

.init_array     0x9d000000        0x0
                0x9d000000                PROVIDE (__init_array_start, .)
 *(SORT(.init_array.*))
 *(.init_array)
                0x9d000000                PROVIDE (__init_array_end, .)
                0x9d000000                . = ALIGN (0x4)

.fini_array     0x9d000000        0x0
                0x9d000000                PROVIDE (__fini_array_start, .)
 *(SORT(.fini_array.*))
 *(.fini_array)
                0x9d000000                PROVIDE (__fini_array_end, .)
                0x9d000000                . = ALIGN (0x4)

.ctors          0x9d000000        0x0
 *crtbegin.o(.ctors)
 *crtbegin?.o(.ctors)
 *(EXCLUDE_FILE(*crtend?.o *crtend.o) .ctors)
 *(SORT(.ctors.*))
 *(.ctors)
                0x9d000000                . = ALIGN (0x4)

.dtors          0x9d000000        0x0
 *crtbegin.o(.dtors)
 *crtbegin?.o(.dtors)
 *(EXCLUDE_FILE(*crtend?.o *crtend.o) .dtors)
 *(SORT(.dtors.*))
 *(.dtors)
                0x9d000000                . = ALIGN (0x4)

.rodata         0x9d000000        0x0
 *(.gnu.linkonce.r.*)
 *(.rodata1)
                0x9d000000                . = ALIGN (0x4)

.sdata2         0x9fc00490        0x0
 *(.sdata2 .sdata2.* .gnu.linkonce.s2.*)
                0x9fc00490                . = ALIGN (0x4)

.sbss2          0x9fc00490        0x0
 *(.sbss2 .sbss2.* .gnu.linkonce.sb2.*)
                0x9fc00490                . = ALIGN (0x4)

.eh_frame_hdr
 *(.eh_frame_hdr)
                0x9fc00490                . = ALIGN (0x4)

.eh_frame
 *(.eh_frame)
                0x9fc00490                . = ALIGN (0x4)

.gcc_except_table
 *(.gcc_except_table .gcc_except_table.*)
                0x9fc00490                . = ALIGN (0x4)

.dbg_data       0xa0000000        0x0
                0xa0000000                . = (. + DEFINED (_DEBUGGER)?0x200:0x0)

.jcr            0xa0000000        0x0
 *(.jcr)
                0xa0000000                . = ALIGN (0x4)

.eh_frame
 *(.eh_frame)
                0xa0000000                . = ALIGN (0x4)

.gcc_except_table
 *(.gcc_except_table .gcc_except_table.*)
                0xa0000000                . = ALIGN (0x4)

.persist        0xa0000000        0x0
                0xa0000000                _persist_begin = .
 *(.persist .persist.*)
 *(.pbss .pbss.*)
                0xa0000000                . = ALIGN (0x4)
                0xa0000000                _persist_end = .

.data           0xa0000000        0x0
 *(.gnu.linkonce.d.*)
 *(.data1)
                0xa0000000                . = ALIGN (0x4)
                0xa0000000                . = .
                0xa0007ff0                _gp = (ALIGN (0x10) + 0x7ff0)

.got            0xa0000000        0x0
 *(.got.plt)
 *(.got)
                0xa0000000                . = ALIGN (0x4)

.sdata          0xa0000000       0x2c
                0xa0000000                _sdata_begin = .
 *(.sdata .sdata.* .gnu.linkonce.s.*)
 .sdata         0xa0000000        0x2 build/default/production/lvgl/src/lv_draw/lv_draw_basic.o
 *fill*         0xa0000002        0x2 
 .sdata         0xa0000004       0x20 build/default/production/lvgl/src/lv_misc/lv_txt.o
                0xa0000004                lv_txt_get_encoded_length
                0xa0000008                lv_txt_encoded_get_char_id
                0xa000000c                lv_txt_encoded_get_byte_id
                0xa0000010                lv_txt_encoded_prev
                0xa0000014                lv_txt_encoded_next
                0xa0000018                lv_txt_encoded_conv_wc
                0xa000001c                lv_txt_unicode_to_encoded
                0xa0000020                lv_txt_encoded_size
 .sdata         0xa0000024        0x4 build/default/production/lvgl/src/lv_objx/lv_tabview.o
 .sdata         0xa0000028        0x4 build/default/production/RA8875.o
                0xa0000028                _height
                0xa000002a                _width
                0xa000002c                . = ALIGN (0x4)
                0xa000002c                _sdata_end = .

.lit8
 *(.lit8)

.lit4
 *(.lit4)
                0xa000002c                . = ALIGN (0x4)
                0xa000002c                _data_end = .
                0xa000002c                _bss_begin = .

.sbss           0xa000002c      0x178
                0xa000002c                _sbss_begin = .
 *(.dynsbss)
 *(.sbss .sbss.* .gnu.linkonce.sb.*)
 .sbss          0xa000002c        0x8 build/default/production/lvgl/src/lv_core/lv_indev.o
 .sbss          0xa0000034        0xc build/default/production/lvgl/src/lv_core/lv_obj.o
 .sbss          0xa0000040        0x8 build/default/production/lvgl/src/lv_core/lv_refr.o
 .sbss          0xa0000048        0x4 build/default/production/lvgl/src/lv_draw/lv_draw.o
 .sbss          0xa000004c        0x2 build/default/production/lvgl/src/lv_draw/lv_img_cache.o
 *fill*         0xa000004e        0x2 
 .sbss          0xa0000050       0x14 build/default/production/lvgl/src/lv_font/lv_font_fmt_txt.o
 .sbss          0xa0000064        0x4 build/default/production/lvgl/src/lv_hal/lv_hal_disp.o
 .sbss          0xa0000068        0x8 build/default/production/lvgl/src/lv_hal/lv_hal_tick.o
 .sbss          0xa0000070        0x8 build/default/production/lvgl/src/lv_misc/lv_anim.o
 .sbss          0xa0000078        0x8 build/default/production/lvgl/src/lv_misc/lv_mem.o
 .sbss          0xa0000080       0x14 build/default/production/lvgl/src/lv_misc/lv_task.o
 .sbss          0xa0000094        0x8 build/default/production/lvgl/src/lv_objx/lv_arc.o
 .sbss          0xa000009c        0x8 build/default/production/lvgl/src/lv_objx/lv_bar.o
 .sbss          0xa00000a4        0x8 build/default/production/lvgl/src/lv_objx/lv_btn.o
 .sbss          0xa00000ac        0x8 build/default/production/lvgl/src/lv_objx/lv_btnm.o
 .sbss          0xa00000b4        0x8 build/default/production/lvgl/src/lv_objx/lv_calendar.o
 .sbss          0xa00000bc        0x8 build/default/production/lvgl/src/lv_objx/lv_canvas.o
 .sbss          0xa00000c4        0xc build/default/production/lvgl/src/lv_objx/lv_cb.o
 .sbss          0xa00000d0        0x8 build/default/production/lvgl/src/lv_objx/lv_chart.o
 .sbss          0xa00000d8        0x4 build/default/production/lvgl/src/lv_objx/lv_cont.o
 .sbss          0xa00000dc        0x8 build/default/production/lvgl/src/lv_objx/lv_cpicker.o
 .sbss          0xa00000e4        0xc build/default/production/lvgl/src/lv_objx/lv_ddlist.o
 .sbss          0xa00000f0        0x8 build/default/production/lvgl/src/lv_objx/lv_gauge.o
 .sbss          0xa00000f8        0x4 build/default/production/lvgl/src/lv_objx/lv_img.o
 .sbss          0xa00000fc        0x8 build/default/production/lvgl/src/lv_objx/lv_imgbtn.o
 .sbss          0xa0000104        0x4 build/default/production/lvgl/src/lv_objx/lv_kb.o
 .sbss          0xa0000108        0x4 build/default/production/lvgl/src/lv_objx/lv_label.o
 .sbss          0xa000010c        0x8 build/default/production/lvgl/src/lv_objx/lv_led.o
 .sbss          0xa0000114        0x4 build/default/production/lvgl/src/lv_objx/lv_line.o
 .sbss          0xa0000118       0x10 build/default/production/lvgl/src/lv_objx/lv_list.o
 .sbss          0xa0000128        0x4 build/default/production/lvgl/src/lv_objx/lv_lmeter.o
 .sbss          0xa000012c        0x4 build/default/production/lvgl/src/lv_objx/lv_mbox.o
 .sbss          0xa0000130        0x8 build/default/production/lvgl/src/lv_objx/lv_page.o
 .sbss          0xa0000138        0x8 build/default/production/lvgl/src/lv_objx/lv_preload.o
 .sbss          0xa0000140        0x8 build/default/production/lvgl/src/lv_objx/lv_roller.o
 .sbss          0xa0000148        0x8 build/default/production/lvgl/src/lv_objx/lv_slider.o
 .sbss          0xa0000150        0x8 build/default/production/lvgl/src/lv_objx/lv_spinbox.o
 .sbss          0xa0000158        0x4 build/default/production/lvgl/src/lv_objx/lv_sw.o
 .sbss          0xa000015c       0x14 build/default/production/lvgl/src/lv_objx/lv_ta.o
 .sbss          0xa0000170        0x8 build/default/production/lvgl/src/lv_objx/lv_table.o
 .sbss          0xa0000178        0xc build/default/production/lvgl/src/lv_objx/lv_tabview.o
 .sbss          0xa0000184        0xc build/default/production/lvgl/src/lv_objx/lv_tileview.o
 .sbss          0xa0000190        0x4 build/default/production/lvgl/src/lv_objx/lv_win.o
 .sbss          0xa0000194        0x4 build/default/production/lvgl/src/lv_themes/lv_theme.o
 *(.scommon)
 .scommon       0xa0000198        0xc build/default/production/lvgl/src/lv_misc/lv_gc.o
                0xa0000198                _lv_task_act
                0xa000019c                _lv_img_cache_array
                0xa00001a0                _lv_draw_buf
                0xa00001a4                _sbss_end = .
                0xa00001a4                . = ALIGN (0x4)

.bss            0xa00001a4      0x3a0
 *(.dynbss)
 *(COMMON)
 COMMON         0xa00001a4      0x340 build/default/production/lvgl/src/lv_core/lv_style.o
                0xa00001a4                lv_style_transp_fit
                0xa00001e4                lv_style_btn_ina
                0xa0000224                lv_style_btn_rel
                0xa0000264                lv_style_transp
                0xa00002a4                lv_style_btn_pr
                0xa00002e4                lv_style_pretty
                0xa0000324                lv_style_scr
                0xa0000364                lv_style_btn_tgl_pr
                0xa00003a4                lv_style_transp_tight
                0xa00003e4                lv_style_btn_tgl_rel
                0xa0000424                lv_style_plain
                0xa0000464                lv_style_plain_color
                0xa00004a4                lv_style_pretty_color
 COMMON         0xa00004e4       0x60 build/default/production/lvgl/src/lv_misc/lv_gc.o
                0xa00004e4                _lv_group_ll
                0xa00004f0                _lv_disp_ll
                0xa00004fc                _lv_file_ll
                0xa0000508                _lv_img_defoder_ll
                0xa0000514                _lv_drv_ll
                0xa0000520                _lv_task_ll
                0xa000052c                _lv_indev_ll
                0xa0000538                _lv_anim_ll
                0xa0000544                . = ALIGN ((. != 0x0)?0x4:0x1)
                0xa0000544                . = ALIGN (0x4)
                0xa0000544                _end = .
                0xa0000544                _bss_end = .
                0x00020000                _bmxdudba_address = 0x20000
                0x00020000                _bmxdupba_address = 0x20000

/DISCARD/
 *(.pdr)
 *(.rel.dyn)
 *(.note.GNU-stack)
 *(.note.GNU-stack)
 *(.gnu_debuglink)
 *(.gnu.lto_*)
 *(.discard)

.gptab.sdata
 *(.gptab.data)
 *(.gptab.sdata)

.gptab.sbss
 *(.gptab.bss)
 *(.gptab.sbss)

.mdebug.abi32   0xa0000544        0x0
 *(.mdebug.abi32)
 .mdebug.abi32  0xa0000544        0x0 build/default/production/lvgl/porting/lv_port_disp_template.o
 .mdebug.abi32  0xa0000544        0x0 build/default/production/lvgl/porting/lv_port_fs_template.o
 .mdebug.abi32  0xa0000544        0x0 build/default/production/lvgl/porting/lv_port_indev_template.o
 .mdebug.abi32  0xa0000544        0x0 build/default/production/lvgl/src/lv_core/lv_debug.o
 .mdebug.abi32  0xa0000544        0x0 build/default/production/lvgl/src/lv_core/lv_disp.o
 .mdebug.abi32  0xa0000544        0x0 build/default/production/lvgl/src/lv_core/lv_group.o
 .mdebug.abi32  0xa0000544        0x0 build/default/production/lvgl/src/lv_core/lv_indev.o
 .mdebug.abi32  0xa0000544        0x0 build/default/production/lvgl/src/lv_core/lv_obj.o
 .mdebug.abi32  0xa0000544        0x0 build/default/production/lvgl/src/lv_core/lv_refr.o
 .mdebug.abi32  0xa0000544        0x0 build/default/production/lvgl/src/lv_core/lv_style.o
 .mdebug.abi32  0xa0000544        0x0 build/default/production/lvgl/src/lv_draw/lv_draw.o
 .mdebug.abi32  0xa0000544        0x0 build/default/production/lvgl/src/lv_draw/lv_draw_arc.o
 .mdebug.abi32  0xa0000544        0x0 build/default/production/lvgl/src/lv_draw/lv_draw_basic.o
 .mdebug.abi32  0xa0000544        0x0 build/default/production/lvgl/src/lv_draw/lv_draw_img.o
 .mdebug.abi32  0xa0000544        0x0 build/default/production/lvgl/src/lv_draw/lv_draw_label.o
 .mdebug.abi32  0xa0000544        0x0 build/default/production/lvgl/src/lv_draw/lv_draw_line.o
 .mdebug.abi32  0xa0000544        0x0 build/default/production/lvgl/src/lv_draw/lv_draw_rect.o
 .mdebug.abi32  0xa0000544        0x0 build/default/production/lvgl/src/lv_draw/lv_draw_triangle.o
 .mdebug.abi32  0xa0000544        0x0 build/default/production/lvgl/src/lv_draw/lv_img_cache.o
 .mdebug.abi32  0xa0000544        0x0 build/default/production/lvgl/src/lv_draw/lv_img_decoder.o
 .mdebug.abi32  0xa0000544        0x0 build/default/production/lvgl/src/lv_font/lv_font.o
 .mdebug.abi32  0xa0000544        0x0 build/default/production/lvgl/src/lv_font/lv_font_fmt_txt.o
 .mdebug.abi32  0xa0000544        0x0 build/default/production/lvgl/src/lv_font/lv_font_roboto_12.o
 .mdebug.abi32  0xa0000544        0x0 build/default/production/lvgl/src/lv_font/lv_font_roboto_12_subpx.o
 .mdebug.abi32  0xa0000544        0x0 build/default/production/lvgl/src/lv_font/lv_font_roboto_16.o
 .mdebug.abi32  0xa0000544        0x0 build/default/production/lvgl/src/lv_font/lv_font_roboto_22.o
 .mdebug.abi32  0xa0000544        0x0 build/default/production/lvgl/src/lv_font/lv_font_roboto_28.o
 .mdebug.abi32  0xa0000544        0x0 build/default/production/lvgl/src/lv_font/lv_font_roboto_28_compressed.o
 .mdebug.abi32  0xa0000544        0x0 build/default/production/lvgl/src/lv_font/lv_font_unscii_8.o
 .mdebug.abi32  0xa0000544        0x0 build/default/production/lvgl/src/lv_hal/lv_hal_disp.o
 .mdebug.abi32  0xa0000544        0x0 build/default/production/lvgl/src/lv_hal/lv_hal_indev.o
 .mdebug.abi32  0xa0000544        0x0 build/default/production/lvgl/src/lv_hal/lv_hal_tick.o
 .mdebug.abi32  0xa0000544        0x0 build/default/production/lvgl/src/lv_misc/lv_anim.o
 .mdebug.abi32  0xa0000544        0x0 build/default/production/lvgl/src/lv_misc/lv_area.o
 .mdebug.abi32  0xa0000544        0x0 build/default/production/lvgl/src/lv_misc/lv_async.o
 .mdebug.abi32  0xa0000544        0x0 build/default/production/lvgl/src/lv_misc/lv_bidi.o
 .mdebug.abi32  0xa0000544        0x0 build/default/production/lvgl/src/lv_misc/lv_circ.o
 .mdebug.abi32  0xa0000544        0x0 build/default/production/lvgl/src/lv_misc/lv_color.o
 .mdebug.abi32  0xa0000544        0x0 build/default/production/lvgl/src/lv_misc/lv_fs.o
 .mdebug.abi32  0xa0000544        0x0 build/default/production/lvgl/src/lv_misc/lv_gc.o
 .mdebug.abi32  0xa0000544        0x0 build/default/production/lvgl/src/lv_misc/lv_ll.o
 .mdebug.abi32  0xa0000544        0x0 build/default/production/lvgl/src/lv_misc/lv_log.o
 .mdebug.abi32  0xa0000544        0x0 build/default/production/lvgl/src/lv_misc/lv_math.o
 .mdebug.abi32  0xa0000544        0x0 build/default/production/lvgl/src/lv_misc/lv_mem.o
 .mdebug.abi32  0xa0000544        0x0 build/default/production/lvgl/src/lv_misc/lv_printf.o
 .mdebug.abi32  0xa0000544        0x0 build/default/production/lvgl/src/lv_misc/lv_task.o
 .mdebug.abi32  0xa0000544        0x0 build/default/production/lvgl/src/lv_misc/lv_templ.o
 .mdebug.abi32  0xa0000544        0x0 build/default/production/lvgl/src/lv_misc/lv_txt.o
 .mdebug.abi32  0xa0000544        0x0 build/default/production/lvgl/src/lv_misc/lv_utils.o
 .mdebug.abi32  0xa0000544        0x0 build/default/production/lvgl/src/lv_objx/lv_arc.o
 .mdebug.abi32  0xa0000544        0x0 build/default/production/lvgl/src/lv_objx/lv_bar.o
 .mdebug.abi32  0xa0000544        0x0 build/default/production/lvgl/src/lv_objx/lv_btn.o
 .mdebug.abi32  0xa0000544        0x0 build/default/production/lvgl/src/lv_objx/lv_btnm.o
 .mdebug.abi32  0xa0000544        0x0 build/default/production/lvgl/src/lv_objx/lv_calendar.o
 .mdebug.abi32  0xa0000544        0x0 build/default/production/lvgl/src/lv_objx/lv_canvas.o
 .mdebug.abi32  0xa0000544        0x0 build/default/production/lvgl/src/lv_objx/lv_cb.o
 .mdebug.abi32  0xa0000544        0x0 build/default/production/lvgl/src/lv_objx/lv_chart.o
 .mdebug.abi32  0xa0000544        0x0 build/default/production/lvgl/src/lv_objx/lv_cont.o
 .mdebug.abi32  0xa0000544        0x0 build/default/production/lvgl/src/lv_objx/lv_cpicker.o
 .mdebug.abi32  0xa0000544        0x0 build/default/production/lvgl/src/lv_objx/lv_ddlist.o
 .mdebug.abi32  0xa0000544        0x0 build/default/production/lvgl/src/lv_objx/lv_gauge.o
 .mdebug.abi32  0xa0000544        0x0 build/default/production/lvgl/src/lv_objx/lv_img.o
 .mdebug.abi32  0xa0000544        0x0 build/default/production/lvgl/src/lv_objx/lv_imgbtn.o
 .mdebug.abi32  0xa0000544        0x0 build/default/production/lvgl/src/lv_objx/lv_kb.o
 .mdebug.abi32  0xa0000544        0x0 build/default/production/lvgl/src/lv_objx/lv_label.o
 .mdebug.abi32  0xa0000544        0x0 build/default/production/lvgl/src/lv_objx/lv_led.o
 .mdebug.abi32  0xa0000544        0x0 build/default/production/lvgl/src/lv_objx/lv_line.o
 .mdebug.abi32  0xa0000544        0x0 build/default/production/lvgl/src/lv_objx/lv_list.o
 .mdebug.abi32  0xa0000544        0x0 build/default/production/lvgl/src/lv_objx/lv_lmeter.o
 .mdebug.abi32  0xa0000544        0x0 build/default/production/lvgl/src/lv_objx/lv_mbox.o
 .mdebug.abi32  0xa0000544        0x0 build/default/production/lvgl/src/lv_objx/lv_objx_templ.o
 .mdebug.abi32  0xa0000544        0x0 build/default/production/lvgl/src/lv_objx/lv_page.o
 .mdebug.abi32  0xa0000544        0x0 build/default/production/lvgl/src/lv_objx/lv_preload.o
 .mdebug.abi32  0xa0000544        0x0 build/default/production/lvgl/src/lv_objx/lv_roller.o
 .mdebug.abi32  0xa0000544        0x0 build/default/production/lvgl/src/lv_objx/lv_slider.o
 .mdebug.abi32  0xa0000544        0x0 build/default/production/lvgl/src/lv_objx/lv_spinbox.o
 .mdebug.abi32  0xa0000544        0x0 build/default/production/lvgl/src/lv_objx/lv_sw.o
 .mdebug.abi32  0xa0000544        0x0 build/default/production/lvgl/src/lv_objx/lv_ta.o
 .mdebug.abi32  0xa0000544        0x0 build/default/production/lvgl/src/lv_objx/lv_table.o
 .mdebug.abi32  0xa0000544        0x0 build/default/production/lvgl/src/lv_objx/lv_tabview.o
 .mdebug.abi32  0xa0000544        0x0 build/default/production/lvgl/src/lv_objx/lv_tileview.o
 .mdebug.abi32  0xa0000544        0x0 build/default/production/lvgl/src/lv_objx/lv_win.o
 .mdebug.abi32  0xa0000544        0x0 build/default/production/lvgl/src/lv_themes/lv_theme.o
 .mdebug.abi32  0xa0000544        0x0 build/default/production/lvgl/src/lv_themes/lv_theme_alien.o
 .mdebug.abi32  0xa0000544        0x0 build/default/production/lvgl/src/lv_themes/lv_theme_default.o
 .mdebug.abi32  0xa0000544        0x0 build/default/production/lvgl/src/lv_themes/lv_theme_material.o
 .mdebug.abi32  0xa0000544        0x0 build/default/production/lvgl/src/lv_themes/lv_theme_mono.o
 .mdebug.abi32  0xa0000544        0x0 build/default/production/lvgl/src/lv_themes/lv_theme_nemo.o
 .mdebug.abi32  0xa0000544        0x0 build/default/production/lvgl/src/lv_themes/lv_theme_night.o
 .mdebug.abi32  0xa0000544        0x0 build/default/production/lvgl/src/lv_themes/lv_theme_templ.o
 .mdebug.abi32  0xa0000544        0x0 build/default/production/lvgl/src/lv_themes/lv_theme_zen.o
 .mdebug.abi32  0xa0000544        0x0 build/default/production/main.o
 .mdebug.abi32  0xa0000544        0x0 build/default/production/RA8875.o
 .mdebug.abi32  0xa0000544        0x0 build/default/production/delay.o
 .mdebug.abi32  0xa0000544        0x0 build/default/production/uart.o
 .mdebug.abi32  0xa0000544        0x0 d:/programas/microchip/xc32/v2.10/bin/bin/../../lib/gcc/pic32mx/4.8.3\libgcc.a(_udivdi3.o)
 .mdebug.abi32  0xa0000544        0x0 d:/programas/microchip/xc32/v2.10/bin/bin/../../lib/gcc/pic32mx/4.8.3\libgcc.a(_umoddi3.o)
 .mdebug.abi32  0xa0000544        0x0 d:/programas/microchip/xc32/v2.10/bin/bin/../../lib/gcc/pic32mx/4.8.3\libgcc.a(floatunsisf.o)
 .mdebug.abi32  0xa0000544        0x0 d:/programas/microchip/xc32/v2.10/bin/bin/../../lib/gcc/pic32mx/4.8.3/../../../../pic32mx/lib\libpic32.a(default-bootstrap-exception-handler.o)
 .mdebug.abi32  0xa0000544        0x0 d:/programas/microchip/xc32/v2.10/bin/bin/../../lib/gcc/pic32mx/4.8.3/../../../../pic32mx/lib\libpic32.a(default-on-reset.o)
 .mdebug.abi32  0xa0000544        0x0 d:/programas/microchip/xc32/v2.10/bin/bin/../../lib/gcc/pic32mx/4.8.3/../../../../pic32mx/lib\libpic32.a(default-on-bootstrap.o)
 .mdebug.abi32  0xa0000544        0x0 d:/programas/microchip/xc32/v2.10/bin/bin/../../lib/gcc/pic32mx/4.8.3/../../../../pic32mx/lib\libpic32.a(default-general-exception-handler.o)
 .mdebug.abi32  0xa0000544        0x0 d:/programas/microchip/xc32/v2.10/bin/bin/../../lib/gcc/pic32mx/4.8.3/../../../../pic32mx/lib\libpic32.a(defaultinterrupt.o)
 .mdebug.abi32  0xa0000544        0x0 d:/programas/microchip/xc32/v2.10/bin/bin/../../lib/gcc/pic32mx/4.8.3/../../../../pic32mx/lib\liblega-c.a(strncpy.o)

.mdebug.abiN32
 *(.mdebug.abiN32)

.mdebug.abi64
 *(.mdebug.abi64)

.mdebug.abiO64
 *(.mdebug.abiO64)

.mdebug.eabi32
 *(.mdebug.eabi32)

.mdebug.eabi64
 *(.mdebug.eabi64)

.gcc_compiled_long32
 *(.gcc_compiled_long32)

.gcc_compiled_long64
 *(.gcc_compiled_long64)

.stab
 *(.stab)

.stabstr
 *(.stabstr)

.stab.excl
 *(.stab.excl)

.stab.exclstr
 *(.stab.exclstr)

.stab.index
 *(.stab.index)

.stab.indexstr
 *(.stab.indexstr)

.comment        0x00000000       0xef
 *(.comment)
 .comment       0x00000000       0x3c build/default/production/lvgl/porting/lv_port_disp_template.o
                                 0x3d (size before relaxing)
 .comment       0x00000000       0x3d build/default/production/lvgl/porting/lv_port_fs_template.o
 .comment       0x00000000       0x3d build/default/production/lvgl/porting/lv_port_indev_template.o
 .comment       0x00000000       0x3d build/default/production/lvgl/src/lv_core/lv_debug.o
 .comment       0x00000000       0x3d build/default/production/lvgl/src/lv_core/lv_disp.o
 .comment       0x00000000       0x3d build/default/production/lvgl/src/lv_core/lv_group.o
 .comment       0x00000000       0x3d build/default/production/lvgl/src/lv_core/lv_indev.o
 .comment       0x00000000       0x3d build/default/production/lvgl/src/lv_core/lv_obj.o
 .comment       0x00000000       0x3d build/default/production/lvgl/src/lv_core/lv_refr.o
 .comment       0x00000000       0x3d build/default/production/lvgl/src/lv_core/lv_style.o
 .comment       0x00000000       0x3d build/default/production/lvgl/src/lv_draw/lv_draw.o
 .comment       0x00000000       0x3d build/default/production/lvgl/src/lv_draw/lv_draw_arc.o
 .comment       0x00000000       0x3d build/default/production/lvgl/src/lv_draw/lv_draw_basic.o
 .comment       0x00000000       0x3d build/default/production/lvgl/src/lv_draw/lv_draw_img.o
 .comment       0x00000000       0x3d build/default/production/lvgl/src/lv_draw/lv_draw_label.o
 .comment       0x00000000       0x3d build/default/production/lvgl/src/lv_draw/lv_draw_line.o
 .comment       0x00000000       0x3d build/default/production/lvgl/src/lv_draw/lv_draw_rect.o
 .comment       0x00000000       0x3d build/default/production/lvgl/src/lv_draw/lv_draw_triangle.o
 .comment       0x00000000       0x3d build/default/production/lvgl/src/lv_draw/lv_img_cache.o
 .comment       0x00000000       0x3d build/default/production/lvgl/src/lv_draw/lv_img_decoder.o
 .comment       0x00000000       0x3d build/default/production/lvgl/src/lv_font/lv_font.o
 .comment       0x00000000       0x3d build/default/production/lvgl/src/lv_font/lv_font_fmt_txt.o
 .comment       0x00000000       0x3d build/default/production/lvgl/src/lv_font/lv_font_roboto_12.o
 .comment       0x00000000       0x3d build/default/production/lvgl/src/lv_font/lv_font_roboto_12_subpx.o
 .comment       0x00000000       0x3d build/default/production/lvgl/src/lv_font/lv_font_roboto_16.o
 .comment       0x00000000       0x3d build/default/production/lvgl/src/lv_font/lv_font_roboto_22.o
 .comment       0x00000000       0x3d build/default/production/lvgl/src/lv_font/lv_font_roboto_28.o
 .comment       0x00000000       0x3d build/default/production/lvgl/src/lv_font/lv_font_roboto_28_compressed.o
 .comment       0x00000000       0x3d build/default/production/lvgl/src/lv_font/lv_font_unscii_8.o
 .comment       0x00000000       0x3d build/default/production/lvgl/src/lv_hal/lv_hal_disp.o
 .comment       0x00000000       0x3d build/default/production/lvgl/src/lv_hal/lv_hal_indev.o
 .comment       0x00000000       0x3d build/default/production/lvgl/src/lv_hal/lv_hal_tick.o
 .comment       0x00000000       0x3d build/default/production/lvgl/src/lv_misc/lv_anim.o
 .comment       0x00000000       0x3d build/default/production/lvgl/src/lv_misc/lv_area.o
 .comment       0x00000000       0x3d build/default/production/lvgl/src/lv_misc/lv_async.o
 .comment       0x00000000       0x3d build/default/production/lvgl/src/lv_misc/lv_bidi.o
 .comment       0x00000000       0x3d build/default/production/lvgl/src/lv_misc/lv_circ.o
 .comment       0x00000000       0x3d build/default/production/lvgl/src/lv_misc/lv_color.o
 .comment       0x00000000       0x3d build/default/production/lvgl/src/lv_misc/lv_fs.o
 .comment       0x00000000       0x3d build/default/production/lvgl/src/lv_misc/lv_gc.o
 .comment       0x00000000       0x3d build/default/production/lvgl/src/lv_misc/lv_ll.o
 .comment       0x00000000       0x3d build/default/production/lvgl/src/lv_misc/lv_log.o
 .comment       0x00000000       0x3d build/default/production/lvgl/src/lv_misc/lv_math.o
 .comment       0x00000000       0x3d build/default/production/lvgl/src/lv_misc/lv_mem.o
 .comment       0x00000000       0x3d build/default/production/lvgl/src/lv_misc/lv_printf.o
 .comment       0x00000000       0x3d build/default/production/lvgl/src/lv_misc/lv_task.o
 .comment       0x00000000       0x3d build/default/production/lvgl/src/lv_misc/lv_templ.o
 .comment       0x00000000       0x3d build/default/production/lvgl/src/lv_misc/lv_txt.o
 .comment       0x00000000       0x3d build/default/production/lvgl/src/lv_misc/lv_utils.o
 .comment       0x00000000       0x3d build/default/production/lvgl/src/lv_objx/lv_arc.o
 .comment       0x00000000       0x3d build/default/production/lvgl/src/lv_objx/lv_bar.o
 .comment       0x00000000       0x3d build/default/production/lvgl/src/lv_objx/lv_btn.o
 .comment       0x00000000       0x3d build/default/production/lvgl/src/lv_objx/lv_btnm.o
 .comment       0x00000000       0x3d build/default/production/lvgl/src/lv_objx/lv_calendar.o
 .comment       0x00000000       0x3d build/default/production/lvgl/src/lv_objx/lv_canvas.o
 .comment       0x00000000       0x3d build/default/production/lvgl/src/lv_objx/lv_cb.o
 .comment       0x00000000       0x3d build/default/production/lvgl/src/lv_objx/lv_chart.o
 .comment       0x00000000       0x3d build/default/production/lvgl/src/lv_objx/lv_cont.o
 .comment       0x00000000       0x3d build/default/production/lvgl/src/lv_objx/lv_cpicker.o
 .comment       0x00000000       0x3d build/default/production/lvgl/src/lv_objx/lv_ddlist.o
 .comment       0x00000000       0x3d build/default/production/lvgl/src/lv_objx/lv_gauge.o
 .comment       0x00000000       0x3d build/default/production/lvgl/src/lv_objx/lv_img.o
 .comment       0x00000000       0x3d build/default/production/lvgl/src/lv_objx/lv_imgbtn.o
 .comment       0x00000000       0x3d build/default/production/lvgl/src/lv_objx/lv_kb.o
 .comment       0x00000000       0x3d build/default/production/lvgl/src/lv_objx/lv_label.o
 .comment       0x00000000       0x3d build/default/production/lvgl/src/lv_objx/lv_led.o
 .comment       0x00000000       0x3d build/default/production/lvgl/src/lv_objx/lv_line.o
 .comment       0x00000000       0x3d build/default/production/lvgl/src/lv_objx/lv_list.o
 .comment       0x00000000       0x3d build/default/production/lvgl/src/lv_objx/lv_lmeter.o
 .comment       0x00000000       0x3d build/default/production/lvgl/src/lv_objx/lv_mbox.o
 .comment       0x00000000       0x3d build/default/production/lvgl/src/lv_objx/lv_objx_templ.o
 .comment       0x00000000       0x3d build/default/production/lvgl/src/lv_objx/lv_page.o
 .comment       0x00000000       0x3d build/default/production/lvgl/src/lv_objx/lv_preload.o
 .comment       0x00000000       0x3d build/default/production/lvgl/src/lv_objx/lv_roller.o
 .comment       0x00000000       0x3d build/default/production/lvgl/src/lv_objx/lv_slider.o
 .comment       0x00000000       0x3d build/default/production/lvgl/src/lv_objx/lv_spinbox.o
 .comment       0x00000000       0x3d build/default/production/lvgl/src/lv_objx/lv_sw.o
 .comment       0x00000000       0x3d build/default/production/lvgl/src/lv_objx/lv_ta.o
 .comment       0x00000000       0x3d build/default/production/lvgl/src/lv_objx/lv_table.o
 .comment       0x00000000       0x3d build/default/production/lvgl/src/lv_objx/lv_tabview.o
 .comment       0x00000000       0x3d build/default/production/lvgl/src/lv_objx/lv_tileview.o
 .comment       0x00000000       0x3d build/default/production/lvgl/src/lv_objx/lv_win.o
 .comment       0x00000000       0x3d build/default/production/lvgl/src/lv_themes/lv_theme.o
 .comment       0x00000000       0x3d build/default/production/lvgl/src/lv_themes/lv_theme_alien.o
 .comment       0x00000000       0x3d build/default/production/lvgl/src/lv_themes/lv_theme_default.o
 .comment       0x00000000       0x3d build/default/production/lvgl/src/lv_themes/lv_theme_material.o
 .comment       0x00000000       0x3d build/default/production/lvgl/src/lv_themes/lv_theme_mono.o
 .comment       0x00000000       0x3d build/default/production/lvgl/src/lv_themes/lv_theme_nemo.o
 .comment       0x00000000       0x3d build/default/production/lvgl/src/lv_themes/lv_theme_night.o
 .comment       0x00000000       0x3d build/default/production/lvgl/src/lv_themes/lv_theme_templ.o
 .comment       0x00000000       0x3d build/default/production/lvgl/src/lv_themes/lv_theme_zen.o
 .comment       0x00000000       0x3d build/default/production/main.o
 .comment       0x00000000       0x3d build/default/production/RA8875.o
 .comment       0x00000000       0x3d build/default/production/delay.o
 .comment       0x00000000       0x3d build/default/production/uart.o
 .comment       0x00000000       0x3d d:/programas/microchip/xc32/v2.10/bin/bin/../../lib/gcc/pic32mx/4.8.3\libgcc.a(_udivdi3.o)
 .comment       0x00000000       0x3d d:/programas/microchip/xc32/v2.10/bin/bin/../../lib/gcc/pic32mx/4.8.3\libgcc.a(_umoddi3.o)
 .comment       0x00000000       0x3d d:/programas/microchip/xc32/v2.10/bin/bin/../../lib/gcc/pic32mx/4.8.3\libgcc.a(floatunsisf.o)
 .comment       0x0000003c       0x18 d:/programas/microchip/xc32/v2.10/bin/bin/../../lib/gcc/pic32mx/4.8.3/../../../../pic32mx/lib\libpic32.a(memset.o)
                                 0x19 (size before relaxing)
 .comment       0x00000054       0x19 d:/programas/microchip/xc32/v2.10/bin/bin/../../lib/gcc/pic32mx/4.8.3/../../../../pic32mx/lib\libpic32.a(strcmp.o)
                                 0x1a (size before relaxing)
 .comment       0x0000006d       0x19 d:/programas/microchip/xc32/v2.10/bin/bin/../../lib/gcc/pic32mx/4.8.3/../../../../pic32mx/lib\libpic32.a(strcpy.o)
                                 0x1a (size before relaxing)
 .comment       0x00000086       0x19 d:/programas/microchip/xc32/v2.10/bin/bin/../../lib/gcc/pic32mx/4.8.3/../../../../pic32mx/lib\libpic32.a(strlen.o)
                                 0x1a (size before relaxing)
 .comment       0x00000000       0x3d d:/programas/microchip/xc32/v2.10/bin/bin/../../lib/gcc/pic32mx/4.8.3/../../../../pic32mx/lib\libpic32.a(default-bootstrap-exception-handler.o)
 .comment       0x00000000       0x3d d:/programas/microchip/xc32/v2.10/bin/bin/../../lib/gcc/pic32mx/4.8.3/../../../../pic32mx/lib\libpic32.a(default-on-reset.o)
 .comment       0x00000000       0x3d d:/programas/microchip/xc32/v2.10/bin/bin/../../lib/gcc/pic32mx/4.8.3/../../../../pic32mx/lib\libpic32.a(default-on-bootstrap.o)
 .comment       0x00000000       0x3d d:/programas/microchip/xc32/v2.10/bin/bin/../../lib/gcc/pic32mx/4.8.3/../../../../pic32mx/lib\libpic32.a(default-general-exception-handler.o)
 .comment       0x00000000       0x3d d:/programas/microchip/xc32/v2.10/bin/bin/../../lib/gcc/pic32mx/4.8.3/../../../../pic32mx/lib\libpic32.a(defaultinterrupt.o)
 .comment       0x0000009f       0x50 d:/programas/microchip/xc32/v2.10/bin/bin/../../lib/gcc/pic32mx/4.8.3/../../../../pic32mx/lib\liblega-c.a(strncpy.o)
                                 0x8d (size before relaxing)

.debug
 *(.debug)

.line
 *(.line)

.debug_srcinfo
 *(.debug_srcinfo)

.debug_sfnames
 *(.debug_sfnames)

.debug_aranges  0x00000000      0xc30
 *(.debug_aranges)
 .debug_aranges
                0x00000000       0x18 build/default/production/lvgl/porting/lv_port_disp_template.o
 .debug_aranges
                0x00000018       0x18 build/default/production/lvgl/porting/lv_port_fs_template.o
 .debug_aranges
                0x00000030       0x18 build/default/production/lvgl/porting/lv_port_indev_template.o
 .debug_aranges
                0x00000048       0x20 build/default/production/lvgl/src/lv_core/lv_debug.o
 .debug_aranges
                0x00000068       0x20 build/default/production/lvgl/src/lv_core/lv_disp.o
 .debug_aranges
                0x00000088       0x20 build/default/production/lvgl/src/lv_core/lv_group.o
 .debug_aranges
                0x000000a8       0x20 build/default/production/lvgl/src/lv_core/lv_indev.o
 .debug_aranges
                0x000000c8       0x20 build/default/production/lvgl/src/lv_core/lv_obj.o
 .debug_aranges
                0x000000e8       0x20 build/default/production/lvgl/src/lv_core/lv_refr.o
 .debug_aranges
                0x00000108       0x20 build/default/production/lvgl/src/lv_core/lv_style.o
 .debug_aranges
                0x00000128       0x20 build/default/production/lvgl/src/lv_draw/lv_draw.o
 .debug_aranges
                0x00000148       0x20 build/default/production/lvgl/src/lv_draw/lv_draw_arc.o
 .debug_aranges
                0x00000168       0x20 build/default/production/lvgl/src/lv_draw/lv_draw_basic.o
 .debug_aranges
                0x00000188       0x20 build/default/production/lvgl/src/lv_draw/lv_draw_img.o
 .debug_aranges
                0x000001a8       0x20 build/default/production/lvgl/src/lv_draw/lv_draw_label.o
 .debug_aranges
                0x000001c8       0x20 build/default/production/lvgl/src/lv_draw/lv_draw_line.o
 .debug_aranges
                0x000001e8       0x20 build/default/production/lvgl/src/lv_draw/lv_draw_rect.o
 .debug_aranges
                0x00000208       0x20 build/default/production/lvgl/src/lv_draw/lv_draw_triangle.o
 .debug_aranges
                0x00000228       0x20 build/default/production/lvgl/src/lv_draw/lv_img_cache.o
 .debug_aranges
                0x00000248       0x20 build/default/production/lvgl/src/lv_draw/lv_img_decoder.o
 .debug_aranges
                0x00000268       0x20 build/default/production/lvgl/src/lv_font/lv_font.o
 .debug_aranges
                0x00000288       0x20 build/default/production/lvgl/src/lv_font/lv_font_fmt_txt.o
 .debug_aranges
                0x000002a8       0x18 build/default/production/lvgl/src/lv_font/lv_font_roboto_12.o
 .debug_aranges
                0x000002c0       0x18 build/default/production/lvgl/src/lv_font/lv_font_roboto_12_subpx.o
 .debug_aranges
                0x000002d8       0x18 build/default/production/lvgl/src/lv_font/lv_font_roboto_16.o
 .debug_aranges
                0x000002f0       0x18 build/default/production/lvgl/src/lv_font/lv_font_roboto_22.o
 .debug_aranges
                0x00000308       0x18 build/default/production/lvgl/src/lv_font/lv_font_roboto_28.o
 .debug_aranges
                0x00000320       0x18 build/default/production/lvgl/src/lv_font/lv_font_roboto_28_compressed.o
 .debug_aranges
                0x00000338       0x18 build/default/production/lvgl/src/lv_font/lv_font_unscii_8.o
 .debug_aranges
                0x00000350       0x20 build/default/production/lvgl/src/lv_hal/lv_hal_disp.o
 .debug_aranges
                0x00000370       0x20 build/default/production/lvgl/src/lv_hal/lv_hal_indev.o
 .debug_aranges
                0x00000390       0x20 build/default/production/lvgl/src/lv_hal/lv_hal_tick.o
 .debug_aranges
                0x000003b0       0x20 build/default/production/lvgl/src/lv_misc/lv_anim.o
 .debug_aranges
                0x000003d0       0x20 build/default/production/lvgl/src/lv_misc/lv_area.o
 .debug_aranges
                0x000003f0       0x20 build/default/production/lvgl/src/lv_misc/lv_async.o
 .debug_aranges
                0x00000410       0x18 build/default/production/lvgl/src/lv_misc/lv_bidi.o
 .debug_aranges
                0x00000428       0x20 build/default/production/lvgl/src/lv_misc/lv_circ.o
 .debug_aranges
                0x00000448       0x20 build/default/production/lvgl/src/lv_misc/lv_color.o
 .debug_aranges
                0x00000468       0x20 build/default/production/lvgl/src/lv_misc/lv_fs.o
 .debug_aranges
                0x00000488       0x20 build/default/production/lvgl/src/lv_misc/lv_gc.o
 .debug_aranges
                0x000004a8       0x20 build/default/production/lvgl/src/lv_misc/lv_ll.o
 .debug_aranges
                0x000004c8       0x18 build/default/production/lvgl/src/lv_misc/lv_log.o
 .debug_aranges
                0x000004e0       0x20 build/default/production/lvgl/src/lv_misc/lv_math.o
 .debug_aranges
                0x00000500       0x20 build/default/production/lvgl/src/lv_misc/lv_mem.o
 .debug_aranges
                0x00000520       0x20 build/default/production/lvgl/src/lv_misc/lv_printf.o
 .debug_aranges
                0x00000540       0x20 build/default/production/lvgl/src/lv_misc/lv_task.o
 .debug_aranges
                0x00000560       0x18 build/default/production/lvgl/src/lv_misc/lv_templ.o
 .debug_aranges
                0x00000578       0x20 build/default/production/lvgl/src/lv_misc/lv_txt.o
 .debug_aranges
                0x00000598       0x20 build/default/production/lvgl/src/lv_misc/lv_utils.o
 .debug_aranges
                0x000005b8       0x20 build/default/production/lvgl/src/lv_objx/lv_arc.o
 .debug_aranges
                0x000005d8       0x20 build/default/production/lvgl/src/lv_objx/lv_bar.o
 .debug_aranges
                0x000005f8       0x20 build/default/production/lvgl/src/lv_objx/lv_btn.o
 .debug_aranges
                0x00000618       0x20 build/default/production/lvgl/src/lv_objx/lv_btnm.o
 .debug_aranges
                0x00000638       0x20 build/default/production/lvgl/src/lv_objx/lv_calendar.o
 .debug_aranges
                0x00000658       0x20 build/default/production/lvgl/src/lv_objx/lv_canvas.o
 .debug_aranges
                0x00000678       0x20 build/default/production/lvgl/src/lv_objx/lv_cb.o
 .debug_aranges
                0x00000698       0x20 build/default/production/lvgl/src/lv_objx/lv_chart.o
 .debug_aranges
                0x000006b8       0x20 build/default/production/lvgl/src/lv_objx/lv_cont.o
 .debug_aranges
                0x000006d8       0x20 build/default/production/lvgl/src/lv_objx/lv_cpicker.o
 .debug_aranges
                0x000006f8       0x20 build/default/production/lvgl/src/lv_objx/lv_ddlist.o
 .debug_aranges
                0x00000718       0x20 build/default/production/lvgl/src/lv_objx/lv_gauge.o
 .debug_aranges
                0x00000738       0x20 build/default/production/lvgl/src/lv_objx/lv_img.o
 .debug_aranges
                0x00000758       0x20 build/default/production/lvgl/src/lv_objx/lv_imgbtn.o
 .debug_aranges
                0x00000778       0x20 build/default/production/lvgl/src/lv_objx/lv_kb.o
 .debug_aranges
                0x00000798       0x20 build/default/production/lvgl/src/lv_objx/lv_label.o
 .debug_aranges
                0x000007b8       0x20 build/default/production/lvgl/src/lv_objx/lv_led.o
 .debug_aranges
                0x000007d8       0x20 build/default/production/lvgl/src/lv_objx/lv_line.o
 .debug_aranges
                0x000007f8       0x20 build/default/production/lvgl/src/lv_objx/lv_list.o
 .debug_aranges
                0x00000818       0x20 build/default/production/lvgl/src/lv_objx/lv_lmeter.o
 .debug_aranges
                0x00000838       0x20 build/default/production/lvgl/src/lv_objx/lv_mbox.o
 .debug_aranges
                0x00000858       0x18 build/default/production/lvgl/src/lv_objx/lv_objx_templ.o
 .debug_aranges
                0x00000870       0x20 build/default/production/lvgl/src/lv_objx/lv_page.o
 .debug_aranges
                0x00000890       0x20 build/default/production/lvgl/src/lv_objx/lv_preload.o
 .debug_aranges
                0x000008b0       0x20 build/default/production/lvgl/src/lv_objx/lv_roller.o
 .debug_aranges
                0x000008d0       0x20 build/default/production/lvgl/src/lv_objx/lv_slider.o
 .debug_aranges
                0x000008f0       0x20 build/default/production/lvgl/src/lv_objx/lv_spinbox.o
 .debug_aranges
                0x00000910       0x20 build/default/production/lvgl/src/lv_objx/lv_sw.o
 .debug_aranges
                0x00000930       0x20 build/default/production/lvgl/src/lv_objx/lv_ta.o
 .debug_aranges
                0x00000950       0x20 build/default/production/lvgl/src/lv_objx/lv_table.o
 .debug_aranges
                0x00000970       0x20 build/default/production/lvgl/src/lv_objx/lv_tabview.o
 .debug_aranges
                0x00000990       0x20 build/default/production/lvgl/src/lv_objx/lv_tileview.o
 .debug_aranges
                0x000009b0       0x20 build/default/production/lvgl/src/lv_objx/lv_win.o
 .debug_aranges
                0x000009d0       0x20 build/default/production/lvgl/src/lv_themes/lv_theme.o
 .debug_aranges
                0x000009f0       0x18 build/default/production/lvgl/src/lv_themes/lv_theme_alien.o
 .debug_aranges
                0x00000a08       0x18 build/default/production/lvgl/src/lv_themes/lv_theme_default.o
 .debug_aranges
                0x00000a20       0x18 build/default/production/lvgl/src/lv_themes/lv_theme_material.o
 .debug_aranges
                0x00000a38       0x18 build/default/production/lvgl/src/lv_themes/lv_theme_mono.o
 .debug_aranges
                0x00000a50       0x18 build/default/production/lvgl/src/lv_themes/lv_theme_nemo.o
 .debug_aranges
                0x00000a68       0x18 build/default/production/lvgl/src/lv_themes/lv_theme_night.o
 .debug_aranges
                0x00000a80       0x18 build/default/production/lvgl/src/lv_themes/lv_theme_templ.o
 .debug_aranges
                0x00000a98       0x18 build/default/production/lvgl/src/lv_themes/lv_theme_zen.o
 .debug_aranges
                0x00000ab0       0x20 build/default/production/main.o
 .debug_aranges
                0x00000ad0       0x20 build/default/production/RA8875.o
 .debug_aranges
                0x00000af0       0x20 build/default/production/delay.o
 .debug_aranges
                0x00000b10       0x20 build/default/production/uart.o
 .debug_aranges
                0x00000b30       0x20 d:/programas/microchip/xc32/v2.10/bin/bin/../../lib/gcc/pic32mx/4.8.3\libgcc.a(_udivdi3.o)
 .debug_aranges
                0x00000b50       0x20 d:/programas/microchip/xc32/v2.10/bin/bin/../../lib/gcc/pic32mx/4.8.3\libgcc.a(_umoddi3.o)
 .debug_aranges
                0x00000b70       0x20 d:/programas/microchip/xc32/v2.10/bin/bin/../../lib/gcc/pic32mx/4.8.3\libgcc.a(floatunsisf.o)
 .debug_aranges
                0x00000b90       0x20 d:/programas/microchip/xc32/v2.10/bin/bin/../../lib/gcc/pic32mx/4.8.3/../../../../pic32mx/lib\libpic32.a(default-bootstrap-exception-handler.o)
 .debug_aranges
                0x00000bb0       0x20 d:/programas/microchip/xc32/v2.10/bin/bin/../../lib/gcc/pic32mx/4.8.3/../../../../pic32mx/lib\libpic32.a(default-on-reset.o)
 .debug_aranges
                0x00000bd0       0x20 d:/programas/microchip/xc32/v2.10/bin/bin/../../lib/gcc/pic32mx/4.8.3/../../../../pic32mx/lib\libpic32.a(default-on-bootstrap.o)
 .debug_aranges
                0x00000bf0       0x20 d:/programas/microchip/xc32/v2.10/bin/bin/../../lib/gcc/pic32mx/4.8.3/../../../../pic32mx/lib\libpic32.a(default-general-exception-handler.o)
 .debug_aranges
                0x00000c10       0x20 d:/programas/microchip/xc32/v2.10/bin/bin/../../lib/gcc/pic32mx/4.8.3/../../../../pic32mx/lib\libpic32.a(defaultinterrupt.o)

.debug_pubnames
 *(.debug_pubnames)

.debug_info     0x00000000    0xc52f9
 *(.debug_info .gnu.linkonce.wi.*)
 .debug_info    0x00000000       0xad build/default/production/lvgl/porting/lv_port_disp_template.o
 .debug_info    0x000000ad       0xab build/default/production/lvgl/porting/lv_port_fs_template.o
 .debug_info    0x00000158       0xae build/default/production/lvgl/porting/lv_port_indev_template.o
 .debug_info    0x00000206     0x1595 build/default/production/lvgl/src/lv_core/lv_debug.o
 .debug_info    0x0000179b     0x13d1 build/default/production/lvgl/src/lv_core/lv_disp.o
 .debug_info    0x00002b6c     0x314c build/default/production/lvgl/src/lv_core/lv_group.o
 .debug_info    0x00005cb8     0x4077 build/default/production/lvgl/src/lv_core/lv_indev.o
 .debug_info    0x00009d2f     0x7c2d build/default/production/lvgl/src/lv_core/lv_obj.o
 .debug_info    0x0001195c     0x2392 build/default/production/lvgl/src/lv_core/lv_refr.o
 .debug_info    0x00013cee     0x1466 build/default/production/lvgl/src/lv_core/lv_style.o
 .debug_info    0x00015154      0x364 build/default/production/lvgl/src/lv_draw/lv_draw.o
 .debug_info    0x000154b8     0x1113 build/default/production/lvgl/src/lv_draw/lv_draw_arc.o
 .debug_info    0x000165cb     0x22b3 build/default/production/lvgl/src/lv_draw/lv_draw_basic.o
 .debug_info    0x0001887e     0x23c2 build/default/production/lvgl/src/lv_draw/lv_draw_img.o
 .debug_info    0x0001ac40     0x1395 build/default/production/lvgl/src/lv_draw/lv_draw_label.o
 .debug_info    0x0001bfd5     0x114b build/default/production/lvgl/src/lv_draw/lv_draw_line.o
 .debug_info    0x0001d120     0x344f build/default/production/lvgl/src/lv_draw/lv_draw_rect.o
 .debug_info    0x0002056f      0xed7 build/default/production/lvgl/src/lv_draw/lv_draw_triangle.o
 .debug_info    0x00021446     0x1014 build/default/production/lvgl/src/lv_draw/lv_img_cache.o
 .debug_info    0x0002245a     0x2951 build/default/production/lvgl/src/lv_draw/lv_img_decoder.o
 .debug_info    0x00024dab      0x4c1 build/default/production/lvgl/src/lv_font/lv_font.o
 .debug_info    0x0002526c     0x1675 build/default/production/lvgl/src/lv_font/lv_font_fmt_txt.o
 .debug_info    0x000268e1      0x169 build/default/production/lvgl/src/lv_font/lv_font_roboto_12.o
 .debug_info    0x00026a4a      0x9c5 build/default/production/lvgl/src/lv_font/lv_font_roboto_12_subpx.o
 .debug_info    0x0002740f      0x9b9 build/default/production/lvgl/src/lv_font/lv_font_roboto_16.o
 .debug_info    0x00027dc8      0x169 build/default/production/lvgl/src/lv_font/lv_font_roboto_22.o
 .debug_info    0x00027f31      0x169 build/default/production/lvgl/src/lv_font/lv_font_roboto_28.o
 .debug_info    0x0002809a      0x9cf build/default/production/lvgl/src/lv_font/lv_font_roboto_28_compressed.o
 .debug_info    0x00028a69      0x168 build/default/production/lvgl/src/lv_font/lv_font_unscii_8.o
 .debug_info    0x00028bd1     0x1f95 build/default/production/lvgl/src/lv_hal/lv_hal_disp.o
 .debug_info    0x0002ab66     0x1af7 build/default/production/lvgl/src/lv_hal/lv_hal_indev.o
 .debug_info    0x0002c65d      0x270 build/default/production/lvgl/src/lv_hal/lv_hal_tick.o
 .debug_info    0x0002c8cd      0xfe7 build/default/production/lvgl/src/lv_misc/lv_anim.o
 .debug_info    0x0002d8b4      0x6cf build/default/production/lvgl/src/lv_misc/lv_area.o
 .debug_info    0x0002df83      0x53b build/default/production/lvgl/src/lv_misc/lv_async.o
 .debug_info    0x0002e4be      0x153 build/default/production/lvgl/src/lv_misc/lv_bidi.o
 .debug_info    0x0002e611      0x26a build/default/production/lvgl/src/lv_misc/lv_circ.o
 .debug_info    0x0002e87b      0x5af build/default/production/lvgl/src/lv_misc/lv_color.o
 .debug_info    0x0002ee2a     0x13e2 build/default/production/lvgl/src/lv_misc/lv_fs.o
 .debug_info    0x0003020c      0xc37 build/default/production/lvgl/src/lv_misc/lv_gc.o
 .debug_info    0x00030e43      0xcc0 build/default/production/lvgl/src/lv_misc/lv_ll.o
 .debug_info    0x00031b03      0x120 build/default/production/lvgl/src/lv_misc/lv_log.o
 .debug_info    0x00031c23      0x3f1 build/default/production/lvgl/src/lv_misc/lv_math.o
 .debug_info    0x00032014      0x8b8 build/default/production/lvgl/src/lv_misc/lv_mem.o
 .debug_info    0x000328cc     0x149a build/default/production/lvgl/src/lv_misc/lv_printf.o
 .debug_info    0x00033d66      0xd03 build/default/production/lvgl/src/lv_misc/lv_task.o
 .debug_info    0x00034a69       0xa4 build/default/production/lvgl/src/lv_misc/lv_templ.o
 .debug_info    0x00034b0d     0x1352 build/default/production/lvgl/src/lv_misc/lv_txt.o
 .debug_info    0x00035e5f      0x304 build/default/production/lvgl/src/lv_misc/lv_utils.o
 .debug_info    0x00036163     0x25ed build/default/production/lvgl/src/lv_objx/lv_arc.o
 .debug_info    0x00038750     0x3176 build/default/production/lvgl/src/lv_objx/lv_bar.o
 .debug_info    0x0003b8c6     0x3963 build/default/production/lvgl/src/lv_objx/lv_btn.o
 .debug_info    0x0003f229     0x5728 build/default/production/lvgl/src/lv_objx/lv_btnm.o
 .debug_info    0x00044951     0x5022 build/default/production/lvgl/src/lv_objx/lv_calendar.o
 .debug_info    0x00049973     0x4241 build/default/production/lvgl/src/lv_objx/lv_canvas.o
 .debug_info    0x0004dbb4     0x339d build/default/production/lvgl/src/lv_objx/lv_cb.o
 .debug_info    0x00050f51     0x627c build/default/production/lvgl/src/lv_objx/lv_chart.o
 .debug_info    0x000571cd     0x3d8d build/default/production/lvgl/src/lv_objx/lv_cont.o
 .debug_info    0x0005af5a     0x53b1 build/default/production/lvgl/src/lv_objx/lv_cpicker.o
 .debug_info    0x0006030b     0x6516 build/default/production/lvgl/src/lv_objx/lv_ddlist.o
 .debug_info    0x00066821     0x3658 build/default/production/lvgl/src/lv_objx/lv_gauge.o
 .debug_info    0x00069e79     0x265b build/default/production/lvgl/src/lv_objx/lv_img.o
 .debug_info    0x0006c4d4     0x236d build/default/production/lvgl/src/lv_objx/lv_imgbtn.o
 .debug_info    0x0006e841     0x39e1 build/default/production/lvgl/src/lv_objx/lv_kb.o
 .debug_info    0x00072222     0x4e8c build/default/production/lvgl/src/lv_objx/lv_label.o
 .debug_info    0x000770ae     0x247d build/default/production/lvgl/src/lv_objx/lv_led.o
 .debug_info    0x0007952b     0x1c04 build/default/production/lvgl/src/lv_objx/lv_line.o
 .debug_info    0x0007b12f     0x6782 build/default/production/lvgl/src/lv_objx/lv_list.o
 .debug_info    0x000818b1     0x2c74 build/default/production/lvgl/src/lv_objx/lv_lmeter.o
 .debug_info    0x00084525     0x4c09 build/default/production/lvgl/src/lv_objx/lv_mbox.o
 .debug_info    0x0008912e      0x165 build/default/production/lvgl/src/lv_objx/lv_objx_templ.o
 .debug_info    0x00089293     0x5e51 build/default/production/lvgl/src/lv_objx/lv_page.o
 .debug_info    0x0008f0e4     0x2deb build/default/production/lvgl/src/lv_objx/lv_preload.o
 .debug_info    0x00091ecf     0x5851 build/default/production/lvgl/src/lv_objx/lv_roller.o
 .debug_info    0x00097720     0x4308 build/default/production/lvgl/src/lv_objx/lv_slider.o
 .debug_info    0x0009ba28     0x3b6a build/default/production/lvgl/src/lv_objx/lv_spinbox.o
 .debug_info    0x0009f592     0x3a8a build/default/production/lvgl/src/lv_objx/lv_sw.o
 .debug_info    0x000a301c     0x8497 build/default/production/lvgl/src/lv_objx/lv_ta.o
 .debug_info    0x000ab4b3     0x3c6d build/default/production/lvgl/src/lv_objx/lv_table.o
 .debug_info    0x000af120     0x698b build/default/production/lvgl/src/lv_objx/lv_tabview.o
 .debug_info    0x000b5aab     0x411d build/default/production/lvgl/src/lv_objx/lv_tileview.o
 .debug_info    0x000b9bc8     0x43dd build/default/production/lvgl/src/lv_objx/lv_win.o
 .debug_info    0x000bdfa5     0x17c1 build/default/production/lvgl/src/lv_themes/lv_theme.o
 .debug_info    0x000bf766      0x168 build/default/production/lvgl/src/lv_themes/lv_theme_alien.o
 .debug_info    0x000bf8ce      0x16a build/default/production/lvgl/src/lv_themes/lv_theme_default.o
 .debug_info    0x000bfa38      0x16b build/default/production/lvgl/src/lv_themes/lv_theme_material.o
 .debug_info    0x000bfba3      0x167 build/default/production/lvgl/src/lv_themes/lv_theme_mono.o
 .debug_info    0x000bfd0a      0x167 build/default/production/lvgl/src/lv_themes/lv_theme_nemo.o
 .debug_info    0x000bfe71      0x168 build/default/production/lvgl/src/lv_themes/lv_theme_night.o
 .debug_info    0x000bffd9      0x168 build/default/production/lvgl/src/lv_themes/lv_theme_templ.o
 .debug_info    0x000c0141      0x166 build/default/production/lvgl/src/lv_themes/lv_theme_zen.o
 .debug_info    0x000c02a7     0x22c1 build/default/production/main.o
 .debug_info    0x000c2568     0x10e6 build/default/production/RA8875.o
 .debug_info    0x000c364e      0x19c build/default/production/delay.o
 .debug_info    0x000c37ea      0x67f build/default/production/uart.o
 .debug_info    0x000c3e69      0x762 d:/programas/microchip/xc32/v2.10/bin/bin/../../lib/gcc/pic32mx/4.8.3\libgcc.a(_udivdi3.o)
 .debug_info    0x000c45cb      0x79f d:/programas/microchip/xc32/v2.10/bin/bin/../../lib/gcc/pic32mx/4.8.3\libgcc.a(_umoddi3.o)
 .debug_info    0x000c4d6a      0x12c d:/programas/microchip/xc32/v2.10/bin/bin/../../lib/gcc/pic32mx/4.8.3\libgcc.a(floatunsisf.o)
 .debug_info    0x000c4e96       0xf2 d:/programas/microchip/xc32/v2.10/bin/bin/../../lib/gcc/pic32mx/4.8.3/../../../../pic32mx/lib\libpic32.a(default-bootstrap-exception-handler.o)
 .debug_info    0x000c4f88       0xcb d:/programas/microchip/xc32/v2.10/bin/bin/../../lib/gcc/pic32mx/4.8.3/../../../../pic32mx/lib\libpic32.a(default-on-reset.o)
 .debug_info    0x000c5053       0xd3 d:/programas/microchip/xc32/v2.10/bin/bin/../../lib/gcc/pic32mx/4.8.3/../../../../pic32mx/lib\libpic32.a(default-on-bootstrap.o)
 .debug_info    0x000c5126       0xee d:/programas/microchip/xc32/v2.10/bin/bin/../../lib/gcc/pic32mx/4.8.3/../../../../pic32mx/lib\libpic32.a(default-general-exception-handler.o)
 .debug_info    0x000c5214       0xe5 d:/programas/microchip/xc32/v2.10/bin/bin/../../lib/gcc/pic32mx/4.8.3/../../../../pic32mx/lib\libpic32.a(defaultinterrupt.o)

.debug_abbrev   0x00000000     0xe405
 *(.debug_abbrev)
 .debug_abbrev  0x00000000       0x1b build/default/production/lvgl/porting/lv_port_disp_template.o
 .debug_abbrev  0x0000001b       0x1b build/default/production/lvgl/porting/lv_port_fs_template.o
 .debug_abbrev  0x00000036       0x1b build/default/production/lvgl/porting/lv_port_indev_template.o
 .debug_abbrev  0x00000051      0x24b build/default/production/lvgl/src/lv_core/lv_debug.o
 .debug_abbrev  0x0000029c      0x1fe build/default/production/lvgl/src/lv_core/lv_disp.o
 .debug_abbrev  0x0000049a      0x37d build/default/production/lvgl/src/lv_core/lv_group.o
 .debug_abbrev  0x00000817      0x414 build/default/production/lvgl/src/lv_core/lv_indev.o
 .debug_abbrev  0x00000c2b      0x44e build/default/production/lvgl/src/lv_core/lv_obj.o
 .debug_abbrev  0x00001079      0x42b build/default/production/lvgl/src/lv_core/lv_refr.o
 .debug_abbrev  0x000014a4      0x2b9 build/default/production/lvgl/src/lv_core/lv_style.o
 .debug_abbrev  0x0000175d      0x11c build/default/production/lvgl/src/lv_draw/lv_draw.o
 .debug_abbrev  0x00001879      0x279 build/default/production/lvgl/src/lv_draw/lv_draw_arc.o
 .debug_abbrev  0x00001af2      0x3ba build/default/production/lvgl/src/lv_draw/lv_draw_basic.o
 .debug_abbrev  0x00001eac      0x3e5 build/default/production/lvgl/src/lv_draw/lv_draw_img.o
 .debug_abbrev  0x00002291      0x295 build/default/production/lvgl/src/lv_draw/lv_draw_label.o
 .debug_abbrev  0x00002526      0x2f5 build/default/production/lvgl/src/lv_draw/lv_draw_line.o
 .debug_abbrev  0x0000281b      0x337 build/default/production/lvgl/src/lv_draw/lv_draw_rect.o
 .debug_abbrev  0x00002b52      0x229 build/default/production/lvgl/src/lv_draw/lv_draw_triangle.o
 .debug_abbrev  0x00002d7b      0x225 build/default/production/lvgl/src/lv_draw/lv_img_cache.o
 .debug_abbrev  0x00002fa0      0x3ce build/default/production/lvgl/src/lv_draw/lv_img_decoder.o
 .debug_abbrev  0x0000336e      0x127 build/default/production/lvgl/src/lv_font/lv_font.o
 .debug_abbrev  0x00003495      0x304 build/default/production/lvgl/src/lv_font/lv_font_fmt_txt.o
 .debug_abbrev  0x00003799       0x1b build/default/production/lvgl/src/lv_font/lv_font_roboto_12.o
 .debug_abbrev  0x000037b4      0x129 build/default/production/lvgl/src/lv_font/lv_font_roboto_12_subpx.o
 .debug_abbrev  0x000038dd      0x129 build/default/production/lvgl/src/lv_font/lv_font_roboto_16.o
 .debug_abbrev  0x00003a06       0x1b build/default/production/lvgl/src/lv_font/lv_font_roboto_22.o
 .debug_abbrev  0x00003a21       0x1b build/default/production/lvgl/src/lv_font/lv_font_roboto_28.o
 .debug_abbrev  0x00003a3c      0x129 build/default/production/lvgl/src/lv_font/lv_font_roboto_28_compressed.o
 .debug_abbrev  0x00003b65       0x1b build/default/production/lvgl/src/lv_font/lv_font_unscii_8.o
 .debug_abbrev  0x00003b80      0x394 build/default/production/lvgl/src/lv_hal/lv_hal_disp.o
 .debug_abbrev  0x00003f14      0x266 build/default/production/lvgl/src/lv_hal/lv_hal_indev.o
 .debug_abbrev  0x0000417a       0xa1 build/default/production/lvgl/src/lv_hal/lv_hal_tick.o
 .debug_abbrev  0x0000421b      0x2e5 build/default/production/lvgl/src/lv_misc/lv_anim.o
 .debug_abbrev  0x00004500      0x16a build/default/production/lvgl/src/lv_misc/lv_area.o
 .debug_abbrev  0x0000466a      0x172 build/default/production/lvgl/src/lv_misc/lv_async.o
 .debug_abbrev  0x000047dc       0x1b build/default/production/lvgl/src/lv_misc/lv_bidi.o
 .debug_abbrev  0x000047f7       0xbd build/default/production/lvgl/src/lv_misc/lv_circ.o
 .debug_abbrev  0x000048b4      0x18f build/default/production/lvgl/src/lv_misc/lv_color.o